/Users/biantongchuangchuanmei/Desktop/pachong/.venv/lib/python3.9/site-packages/urllib3/__init__.py:35: NotOpenSSLWarning: urllib3 v2 only supports OpenSSL 1.1.1+, currently the 'ssl' module is compiled with 'LibreSSL 2.8.3'. See: https://github.com/urllib3/urllib3/issues/3020
  warnings.warn(
query=mexico vlog 20k subscribers pages=3 candidates=40 unique_candidates=3831 accepted=432
query=mexico vlog 50 mil suscriptores pages=3 candidates=40 unique_candidates=3854 accepted=432
query=mexico vlog 500 mil suscriptores pages=3 candidates=11 unique_candidates=3858 accepted=432
query=mexico vlog 20 mil suscriptores pages=3 candidates=40 unique_candidates=3870 accepted=432
query=mexico vlog 100 mil suscriptores pages=3 candidates=40 unique_candidates=3879 accepted=432
query=mexico vlog 10k subscribers pages=3 candidates=40 unique_candidates=3912 accepted=432
query=mexico vlog 10 mil suscriptores pages=3 candidates=40 unique_candidates=3924 accepted=432
query=mexico vlog 200 mil suscriptores pages=3 candidates=18 unique_candidates=3928 accepted=432
validated batch accepted+7 rejected+212 total=439
query=mexico youtuber 500 mil suscriptores pages=3 candidates=40 unique_candidates=3957 accepted=439
query=mexico youtuber 50 mil suscriptores pages=3 candidates=40 unique_candidates=3966 accepted=439
query=mexico vlog 50k subscribers pages=3 candidates=40 unique_candidates=3985 accepted=439
query=mexico youtuber 200 mil suscriptores pages=3 candidates=40 unique_candidates=4007 accepted=439
query=mexico vlog 500k subscribers pages=3 candidates=40 unique_candidates=4027 accepted=439
query=mexico youtuber 100 mil suscriptores pages=3 candidates=40 unique_candidates=4042 accepted=439
query=mexico youtuber 10 mil suscriptores pages=3 candidates=40 unique_candidates=4059 accepted=439
query=mexico vlog 200k subscribers pages=3 candidates=40 unique_candidates=4085 accepted=439
query=mexico youtuber 20 mil suscriptores pages=3 candidates=40 unique_candidates=4114 accepted=439
query=mexico vlog 100k subscribers pages=3 candidates=40 unique_candidates=4133 accepted=439
query=mexico youtuber 10k subscribers pages=3 candidates=40 unique_candidates=4163 accepted=439
query=mexico youtuber 20k subscribers pages=3 candidates=40 unique_candidates=4189 accepted=439
validated batch accepted+11 rejected+250 total=450
query=mexico creador de contenido 500 mil suscriptores pages=3 candidates=25 unique_candidates=4195 accepted=450
query=mexico creador de contenido 100 mil suscriptores pages=3 candidates=40 unique_candidates=4210 accepted=450
query=mexico creador de contenido 10 mil suscriptores pages=3 candidates=40 unique_candidates=4217 accepted=450
query=mexico creador de contenido 200 mil suscriptores pages=3 candidates=19 unique_candidates=4221 accepted=450
query=mexico creador de contenido 10k subscribers pages=3 candidates=24 unique_candidates=4235 accepted=450
query=mexico creador de contenido 20 mil suscriptores pages=3 candidates=40 unique_candidates=4244 accepted=450
query=mexico youtuber 50k subscribers pages=3 candidates=40 unique_candidates=4271 accepted=450
query=mexico youtuber 200k subscribers pages=3 candidates=40 unique_candidates=4290 accepted=450
query=mexico youtuber 500k subscribers pages=3 candidates=40 unique_candidates=4307 accepted=450
query=mexico creador de contenido 50 mil suscriptores pages=3 candidates=40 unique_candidates=4311 accepted=450
query=mexico youtuber 100k subscribers pages=3 candidates=40 unique_candidates=4335 accepted=450
validated batch accepted+4 rejected+142 total=454
query=mexico creador de contenido 20k subscribers pages=3 candidates=12 unique_candidates=4341 accepted=454
query=mexico influencer 200 mil suscriptores pages=3 candidates=15 unique_candidates=4341 accepted=454
query=mexico influencer 50 mil suscriptores pages=3 candidates=27 unique_candidates=4343 accepted=454
query=mexico influencer 10 mil suscriptores pages=3 candidates=38 unique_candidates=4350 accepted=454
query=mexico influencer 500 mil suscriptores pages=3 candidates=17 unique_candidates=4351 accepted=454
query=mexico influencer 20 mil suscriptores pages=3 candidates=31 unique_candidates=4352 accepted=454
query=mexico creador de contenido 50k subscribers pages=3 candidates=12 unique_candidates=4355 accepted=454
query=mexico creador de contenido 500k subscribers pages=3 candidates=13 unique_candidates=4357 accepted=454
query=mexico creador de contenido 200k subscribers pages=3 candidates=12 unique_candidates=4358 accepted=454
query=mexico influencer 100 mil suscriptores pages=3 candidates=36 unique_candidates=4365 accepted=454
query=mexico creador de contenido 100k subscribers pages=3 candidates=40 unique_candidates=4395 accepted=454
validated batch accepted+3 rejected+57 total=457
query=mexico canal 10 mil suscriptores pages=3 candidates=40 unique_candidates=4405 accepted=457
query=mexico influencer 500k subscribers pages=3 candidates=27 unique_candidates=4417 accepted=457
query=mexico influencer 200k subscribers pages=3 candidates=21 unique_candidates=4420 accepted=457
query=mexico canal 50 mil suscriptores pages=3 candidates=40 unique_candidates=4423 accepted=457
query=mexico canal 20 mil suscriptores pages=3 candidates=36 unique_candidates=4430 accepted=457
query=mexico influencer 100k subscribers pages=3 candidates=40 unique_candidates=4452 accepted=457
query=mexico influencer 20k subscribers pages=3 candidates=25 unique_candidates=4459 accepted=457
query=mexico canal 100 mil suscriptores pages=3 candidates=40 unique_candidates=4461 accepted=457
query=mexico influencer 10k subscribers pages=3 candidates=40 unique_candidates=4476 accepted=457
query=mexico influencer 50k subscribers pages=3 candidates=29 unique_candidates=4479 accepted=457
query=mexico canal 200 mil suscriptores pages=3 candidates=40 unique_candidates=4483 accepted=457
validated batch accepted+7 rejected+81 total=464
query=mexico lifestyle 100 mil suscriptores pages=1 candidates=0 unique_candidates=4483 accepted=464
query=mexico lifestyle 50 mil suscriptores pages=3 candidates=1 unique_candidates=4483 accepted=464
query=mexico lifestyle 10 mil suscriptores pages=3 candidates=1 unique_candidates=4483 accepted=464
query=mexico canal 500 mil suscriptores pages=3 candidates=40 unique_candidates=4491 accepted=464
query=mexico canal 500k subscribers pages=3 candidates=40 unique_candidates=4508 accepted=464
query=mexico canal 200k subscribers pages=3 candidates=40 unique_candidates=4526 accepted=464
query=mexico lifestyle 20 mil suscriptores pages=3 candidates=27 unique_candidates=4535 accepted=464
query=mexico canal 20k subscribers pages=3 candidates=40 unique_candidates=4555 accepted=464
query=mexico canal 100k subscribers pages=3 candidates=40 unique_candidates=4568 accepted=464
query=mexico canal 50k subscribers pages=3 candidates=40 unique_candidates=4581 accepted=464
query=mexico canal 10k subscribers pages=3 candidates=40 unique_candidates=4600 accepted=464
validated batch accepted+2 rejected+115 total=466
query=mexico lifestyle 200 mil suscriptores pages=1 candidates=0 unique_candidates=4600 accepted=466
query=mexico lifestyle 50k subscribers pages=3 candidates=23 unique_candidates=4613 accepted=466
query=mexico lifestyle 500k subscribers pages=3 candidates=18 unique_candidates=4626 accepted=466
query=mexico lifestyle 500 mil suscriptores pages=3 candidates=1 unique_candidates=4626 accepted=466
query=mexico lifestyle 200k subscribers pages=3 candidates=14 unique_candidates=4638 accepted=466
query=mexico lifestyle 100k subscribers pages=3 candidates=39 unique_candidates=4663 accepted=466
query=mexico travel vlog 10 mil suscriptores pages=3 candidates=39 unique_candidates=4672 accepted=466
query=mexico travel vlog 50 mil suscriptores pages=3 candidates=16 unique_candidates=4679 accepted=466
query=mexico travel vlog 20 mil suscriptores pages=3 candidates=40 unique_candidates=4682 accepted=466
query=mexico lifestyle 10k subscribers pages=3 candidates=40 unique_candidates=4706 accepted=466
query=mexico lifestyle 20k subscribers pages=3 candidates=19 unique_candidates=4715 accepted=466
validated batch accepted+0 rejected+115 total=466
query=mexico travel vlog 100 mil suscriptores pages=3 candidates=40 unique_candidates=4723 accepted=466
query=mexico travel vlog 20k subscribers pages=3 candidates=40 unique_candidates=4738 accepted=466
query=mexico viajes 10 mil suscriptores pages=3 candidates=40 unique_candidates=4745 accepted=466
query=mexico travel vlog 200 mil suscriptores pages=3 candidates=18 unique_candidates=4750 accepted=466
query=mexico travel vlog 10k subscribers pages=3 candidates=40 unique_candidates=4762 accepted=466
query=mexico travel vlog 500 mil suscriptores pages=3 candidates=20 unique_candidates=4766 accepted=466
query=mexico travel vlog 200k subscribers pages=3 candidates=40 unique_candidates=4775 accepted=466
query=mexico travel vlog 100k subscribers pages=3 candidates=40 unique_candidates=4783 accepted=466
query=mexico travel vlog 500k subscribers pages=3 candidates=40 unique_candidates=4789 accepted=466
query=mexico viajes 20 mil suscriptores pages=3 candidates=40 unique_candidates=4791 accepted=466
query=mexico travel vlog 50k subscribers pages=3 candidates=40 unique_candidates=4805 accepted=466
validated batch accepted+2 rejected+88 total=468
query=mexico viajes 50k subscribers pages=3 candidates=27 unique_candidates=4822 accepted=468
query=mexico turismo 10 mil suscriptores pages=3 candidates=18 unique_candidates=4828 accepted=468
query=mexico viajes 200k subscribers pages=3 candidates=20 unique_candidates=4841 accepted=468
query=mexico viajes 500k subscribers pages=3 candidates=20 unique_candidates=4846 accepted=468
query=mexico viajes 500 mil suscriptores pages=3 candidates=20 unique_candidates=4850 accepted=468
query=mexico viajes 200 mil suscriptores pages=3 candidates=20 unique_candidates=4852 accepted=468
query=mexico viajes 50 mil suscriptores pages=3 candidates=40 unique_candidates=4856 accepted=468
query=mexico viajes 100 mil suscriptores pages=3 candidates=40 unique_candidates=4862 accepted=468
query=mexico viajes 20k subscribers pages=3 candidates=21 unique_candidates=4876 accepted=468
query=mexico viajes 100k subscribers pages=3 candidates=40 unique_candidates=4897 accepted=468
query=mexico viajes 10k subscribers pages=3 candidates=40 unique_candidates=4915 accepted=468
validated batch accepted+5 rejected+105 total=473
query=mexico turismo 200k subscribers pages=1 candidates=0 unique_candidates=4915 accepted=473
query=mexico turismo 200 mil suscriptores pages=1 candidates=0 unique_candidates=4915 accepted=473
query=mexico turismo 500 mil suscriptores pages=1 candidates=0 unique_candidates=4915 accepted=473
query=mexico turismo 50k subscribers pages=3 candidates=12 unique_candidates=4924 accepted=473
query=mexico turismo 20 mil suscriptores pages=3 candidates=17 unique_candidates=4931 accepted=473
query=mexico turismo 500k subscribers pages=3 candidates=13 unique_candidates=4935 accepted=473
query=mexico turismo 100 mil suscriptores pages=3 candidates=16 unique_candidates=4938 accepted=473
query=mexico turismo 50 mil suscriptores pages=3 candidates=12 unique_candidates=4938 accepted=473
query=mexico turismo 20k subscribers pages=3 candidates=14 unique_candidates=4944 accepted=473
query=mexico turismo 10k subscribers pages=3 candidates=30 unique_candidates=4958 accepted=473
query=mexico turismo 100k subscribers pages=3 candidates=22 unique_candidates=4969 accepted=473
validated batch accepted+2 rejected+52 total=475
query=mexico food vlog 500 mil suscriptores pages=1 candidates=0 unique_candidates=4969 accepted=475
query=mexico food vlog 200 mil suscriptores pages=1 candidates=0 unique_candidates=4969 accepted=475
query=mexico food vlog 200k subscribers pages=3 candidates=26 unique_candidates=4977 accepted=475
query=mexico food vlog 50k subscribers pages=3 candidates=31 unique_candidates=4984 accepted=475
query=mexico food vlog 100 mil suscriptores pages=3 candidates=15 unique_candidates=4990 accepted=475
query=mexico food vlog 500k subscribers pages=3 candidates=40 unique_candidates=5000 accepted=475
query=mexico food vlog 20 mil suscriptores pages=3 candidates=14 unique_candidates=5003 accepted=475
query=mexico food vlog 10 mil suscriptores pages=3 candidates=18 unique_candidates=5006 accepted=475
query=mexico food vlog 50 mil suscriptores pages=3 candidates=15 unique_candidates=5011 accepted=475
query=mexico food vlog 10k subscribers pages=3 candidates=40 unique_candidates=5022 accepted=475
query=mexico food vlog 20k subscribers pages=3 candidates=36 unique_candidates=5026 accepted=475
query=mexico food vlog 100k subscribers pages=3 candidates=40 unique_candidates=5037 accepted=475
validated batch accepted+0 rejected+68 total=475
query=mexico comida 100 mil suscriptores pages=3 candidates=40 unique_candidates=5040 accepted=475
query=mexico comida 500 mil suscriptores pages=3 candidates=25 unique_candidates=5045 accepted=475
query=mexico comida 20 mil suscriptores pages=3 candidates=40 unique_candidates=5052 accepted=475
query=mexico comida 10 mil suscriptores pages=3 candidates=40 unique_candidates=5055 accepted=475
query=mexico comida 20k subscribers pages=3 candidates=64 unique_candidates=5074 accepted=475
query=mexico comida 50 mil suscriptores pages=3 candidates=40 unique_candidates=5079 accepted=475
query=mexico comida 200 mil suscriptores pages=3 candidates=25 unique_candidates=5081 accepted=475
query=mexico comida 50k subscribers pages=3 candidates=40 unique_candidates=5086 accepted=475
query=mexico comida 200k subscribers pages=3 candidates=40 unique_candidates=5098 accepted=475
query=mexico comida 100k subscribers pages=3 candidates=40 unique_candidates=5114 accepted=475
query=mexico comida 10k subscribers pages=3 candidates=40 unique_candidates=5135 accepted=475
validated batch accepted+4 rejected+94 total=479
query=mexico cocina 20 mil suscriptores pages=3 candidates=30 unique_candidates=5135 accepted=479
query=mexico cocina 50k subscribers pages=3 candidates=14 unique_candidates=5138 accepted=479
query=mexico cocina 500 mil suscriptores pages=3 candidates=24 unique_candidates=5139 accepted=479
query=mexico cocina 10 mil suscriptores pages=3 candidates=39 unique_candidates=5141 accepted=479
query=mexico cocina 20k subscribers pages=3 candidates=16 unique_candidates=5146 accepted=479
query=mexico comida 500k subscribers pages=3 candidates=40 unique_candidates=5158 accepted=479
query=mexico cocina 50 mil suscriptores pages=3 candidates=28 unique_candidates=5160 accepted=479
query=mexico cocina 200 mil suscriptores pages=3 candidates=22 unique_candidates=5162 accepted=479
query=mexico cocina 10k subscribers pages=3 candidates=32 unique_candidates=5172 accepted=479
query=mexico cocina 100 mil suscriptores pages=3 candidates=40 unique_candidates=5175 accepted=479
query=mexico cocina 100k subscribers pages=3 candidates=30 unique_candidates=5183 accepted=479
validated batch accepted+3 rejected+45 total=482
query=mexico recetas 200 mil suscriptores pages=1 candidates=0 unique_candidates=5183 accepted=482
query=mexico cocina 500k subscribers pages=3 candidates=19 unique_candidates=5186 accepted=482
query=mexico recetas 100 mil suscriptores pages=3 candidates=22 unique_candidates=5187 accepted=482
query=mexico cocina 200k subscribers pages=3 candidates=14 unique_candidates=5188 accepted=482
query=mexico recetas 20k subscribers pages=3 candidates=14 unique_candidates=5195 accepted=482
query=mexico recetas 500 mil suscriptores pages=3 candidates=12 unique_candidates=5198 accepted=482
query=mexico recetas 10 mil suscriptores pages=3 candidates=26 unique_candidates=5201 accepted=482
query=mexico recetas 50k subscribers pages=3 candidates=14 unique_candidates=5208 accepted=482
query=mexico recetas 20 mil suscriptores pages=3 candidates=21 unique_candidates=5210 accepted=482
query=mexico recetas 50 mil suscriptores pages=3 candidates=21 unique_candidates=5210 accepted=482
query=mexico recetas 10k subscribers pages=3 candidates=28 unique_candidates=5217 accepted=482
validated batch accepted+0 rejected+34 total=482
query=mexico beauty youtuber 500 mil suscriptores pages=1 candidates=0 unique_candidates=5217 accepted=482
query=mexico recetas 500k subscribers pages=3 candidates=13 unique_candidates=5219 accepted=482
query=mexico beauty youtuber 50 mil suscriptores pages=3 candidates=15 unique_candidates=5220 accepted=482
query=mexico beauty youtuber 10 mil suscriptores pages=3 candidates=15 unique_candidates=5221 accepted=482
query=mexico beauty youtuber 100 mil suscriptores pages=3 candidates=16 unique_candidates=5221 accepted=482
query=mexico recetas 200k subscribers pages=3 candidates=1 unique_candidates=5222 accepted=482
query=mexico beauty youtuber 20 mil suscriptores pages=3 candidates=13 unique_candidates=5225 accepted=482
query=mexico beauty youtuber 20k subscribers pages=3 candidates=23 unique_candidates=5236 accepted=482
query=mexico beauty youtuber 200 mil suscriptores pages=3 candidates=1 unique_candidates=5236 accepted=482
query=mexico recetas 100k subscribers pages=3 candidates=26 unique_candidates=5241 accepted=482
query=mexico beauty youtuber 10k subscribers pages=3 candidates=40 unique_candidates=5260 accepted=482
validated batch accepted+1 rejected+42 total=483
query=mexico maquillaje 200 mil suscriptores pages=3 candidates=15 unique_candidates=5262 accepted=483
query=mexico maquillaje 50 mil suscriptores pages=3 candidates=20 unique_candidates=5263 accepted=483
query=mexico maquillaje 100 mil suscriptores pages=3 candidates=23 unique_candidates=5265 accepted=483
query=mexico maquillaje 20 mil suscriptores pages=3 candidates=26 unique_candidates=5269 accepted=483
query=mexico beauty youtuber 200k subscribers pages=3 candidates=17 unique_candidates=5272 accepted=483
query=mexico maquillaje 10k subscribers pages=3 candidates=23 unique_candidates=5281 accepted=483
query=mexico maquillaje 500 mil suscriptores pages=3 candidates=13 unique_candidates=5282 accepted=483
query=mexico beauty youtuber 500k subscribers pages=3 candidates=21 unique_candidates=5288 accepted=483
query=mexico maquillaje 10 mil suscriptores pages=3 candidates=28 unique_candidates=5291 accepted=483
query=mexico beauty youtuber 50k subscribers pages=3 candidates=20 unique_candidates=5293 accepted=483
query=mexico beauty youtuber 100k subscribers pages=3 candidates=40 unique_candidates=5305 accepted=483
validated batch accepted+2 rejected+43 total=485
query=mexico maquillaje 500k subscribers pages=3 candidates=1 unique_candidates=5305 accepted=485
query=mexico fitness 100 mil suscriptores pages=3 candidates=15 unique_candidates=5308 accepted=485
query=mexico maquillaje 20k subscribers pages=3 candidates=1 unique_candidates=5308 accepted=485
query=mexico fitness 20 mil suscriptores pages=3 candidates=10 unique_candidates=5310 accepted=485
query=mexico maquillaje 50k subscribers pages=3 candidates=13 unique_candidates=5312 accepted=485
query=mexico maquillaje 200k subscribers pages=3 candidates=13 unique_candidates=5313 accepted=485
query=mexico fitness 50 mil suscriptores pages=3 candidates=26 unique_candidates=5318 accepted=485
query=mexico fitness 500 mil suscriptores pages=3 candidates=17 unique_candidates=5321 accepted=485
query=mexico fitness 10 mil suscriptores pages=3 candidates=14 unique_candidates=5321 accepted=485
query=mexico fitness 200 mil suscriptores pages=3 candidates=16 unique_candidates=5321 accepted=485
query=mexico maquillaje 100k subscribers pages=3 candidates=31 unique_candidates=5329 accepted=485
validated batch accepted+2 rejected+22 total=487
query=mexico tech youtuber 100 mil suscriptores pages=1 candidates=0 unique_candidates=5329 accepted=487
query=mexico tech youtuber 200 mil suscriptores pages=1 candidates=0 unique_candidates=5329 accepted=487
query=mexico tech youtuber 10 mil suscriptores pages=2 candidates=12 unique_candidates=5332 accepted=487
query=mexico tech youtuber 50 mil suscriptores pages=3 candidates=13 unique_candidates=5335 accepted=487
query=mexico fitness 20k subscribers pages=3 candidates=39 unique_candidates=5352 accepted=487
query=mexico fitness 200k subscribers pages=3 candidates=30 unique_candidates=5364 accepted=487
query=mexico fitness 50k subscribers pages=3 candidates=40 unique_candidates=5382 accepted=487
query=mexico fitness 500k subscribers pages=3 candidates=38 unique_candidates=5390 accepted=487
query=mexico tech youtuber 20 mil suscriptores pages=3 candidates=12 unique_candidates=5394 accepted=487
query=mexico fitness 100k subscribers pages=3 candidates=40 unique_candidates=5412 accepted=487
query=mexico fitness 10k subscribers pages=3 candidates=39 unique_candidates=5424 accepted=487
validated batch accepted+1 rejected+94 total=488
query=mexico tech youtuber 500 mil suscriptores pages=1 candidates=0 unique_candidates=5424 accepted=488
query=mexico tech youtuber 200k subscribers pages=3 candidates=19 unique_candidates=5436 accepted=488
query=mexico tecnologia 10 mil suscriptores pages=3 candidates=19 unique_candidates=5440 accepted=488
query=mexico tecnologia 100 mil suscriptores pages=3 candidates=18 unique_candidates=5447 accepted=488
query=mexico tecnologia 50 mil suscriptores pages=3 candidates=19 unique_candidates=5452 accepted=488
query=mexico tecnologia 20 mil suscriptores pages=3 candidates=16 unique_candidates=5456 accepted=488
query=mexico tech youtuber 500k subscribers pages=3 candidates=27 unique_candidates=5471 accepted=488
query=mexico tech youtuber 100k subscribers pages=3 candidates=40 unique_candidates=5495 accepted=488
query=mexico tech youtuber 20k subscribers pages=3 candidates=25 unique_candidates=5509 accepted=488
query=mexico tech youtuber 10k subscribers pages=3 candidates=40 unique_candidates=5527 accepted=488
query=mexico tech youtuber 50k subscribers pages=3 candidates=29 unique_candidates=5541 accepted=488
validated batch accepted+1 rejected+116 total=489
query=mexico tecnologia 200k subscribers pages=1 candidates=0 unique_candidates=5541 accepted=489
query=mexico tecnologia 500k subscribers pages=3 candidates=12 unique_candidates=5549 accepted=489
query=mexico tecnologia 500 mil suscriptores pages=3 candidates=1 unique_candidates=5549 accepted=489
query=mexico tecnologia 50k subscribers pages=3 candidates=12 unique_candidates=5554 accepted=489
query=mexico tecnologia 200 mil suscriptores pages=3 candidates=1 unique_candidates=5554 accepted=489
query=mexico gaming 20 mil suscriptores pages=3 candidates=37 unique_candidates=5565 accepted=489
query=mexico gaming 50 mil suscriptores pages=3 candidates=32 unique_candidates=5568 accepted=489
query=mexico tecnologia 20k subscribers pages=3 candidates=13 unique_candidates=5578 accepted=489
query=mexico tecnologia 100k subscribers pages=3 candidates=15 unique_candidates=5587 accepted=489
query=mexico gaming 10 mil suscriptores pages=3 candidates=33 unique_candidates=5589 accepted=489
query=mexico tecnologia 10k subscribers pages=3 candidates=16 unique_candidates=5596 accepted=489
validated batch accepted+3 rejected+52 total=492
query=mexico gaming 200k subscribers pages=3 candidates=40 unique_candidates=5609 accepted=492
query=mexico gaming 500 mil suscriptores pages=3 candidates=12 unique_candidates=5610 accepted=492
query=mexico moda 10 mil suscriptores pages=3 candidates=22 unique_candidates=5611 accepted=492
query=mexico gaming 100 mil suscriptores pages=3 candidates=30 unique_candidates=5611 accepted=492
query=mexico moda 20 mil suscriptores pages=3 candidates=20 unique_candidates=5611 accepted=492
query=mexico gaming 500k subscribers pages=3 candidates=40 unique_candidates=5618 accepted=492
query=mexico gaming 10k subscribers pages=3 candidates=40 unique_candidates=5634 accepted=492
query=mexico gaming 200 mil suscriptores pages=3 candidates=15 unique_candidates=5637 accepted=492
query=mexico gaming 100k subscribers pages=3 candidates=40 unique_candidates=5649 accepted=492
query=mexico gaming 20k subscribers pages=3 candidates=40 unique_candidates=5665 accepted=492
query=mexico gaming 50k subscribers pages=3 candidates=40 unique_candidates=5681 accepted=492
validated batch accepted+1 rejected+84 total=493
query=mexico moda 500k subscribers pages=3 candidates=13 unique_candidates=5682 accepted=493
query=mexico moda 50k subscribers pages=3 candidates=13 unique_candidates=5684 accepted=493
query=mexico moda 200k subscribers pages=3 candidates=13 unique_candidates=5688 accepted=493
query=mexico moda 50 mil suscriptores pages=3 candidates=18 unique_candidates=5690 accepted=493
query=mexico moda 100 mil suscriptores pages=3 candidates=21 unique_candidates=5691 accepted=493
query=mexico familia vlog 10 mil suscriptores pages=3 candidates=35 unique_candidates=5698 accepted=493
query=mexico moda 20k subscribers pages=3 candidates=14 unique_candidates=5701 accepted=493
query=mexico moda 200 mil suscriptores pages=3 candidates=16 unique_candidates=5701 accepted=493
query=mexico moda 100k subscribers pages=3 candidates=26 unique_candidates=5708 accepted=493
query=mexico moda 10k subscribers pages=3 candidates=22 unique_candidates=5716 accepted=493
query=mexico moda 500 mil suscriptores pages=3 candidates=15 unique_candidates=5716 accepted=493
validated batch accepted+2 rejected+33 total=495
query=mexico familia vlog 200 mil suscriptores pages=3 candidates=17 unique_candidates=5718 accepted=495
query=mexico familia vlog 100 mil suscriptores pages=3 candidates=31 unique_candidates=5720 accepted=495
query=mexico familia vlog 50 mil suscriptores pages=3 candidates=28 unique_candidates=5721 accepted=495
query=mexico familia vlog 200k subscribers pages=3 candidates=35 unique_candidates=5728 accepted=495
query=mexico familia vlog 100k subscribers pages=3 candidates=40 unique_candidates=5736 accepted=495
query=mexico familia vlog 500k subscribers pages=3 candidates=40 unique_candidates=5743 accepted=495
query=mexico familia vlog 50k subscribers pages=3 candidates=40 unique_candidates=5745 accepted=495
query=mexico familia vlog 20k subscribers pages=3 candidates=36 unique_candidates=5748 accepted=495
query=mexico familia vlog 500 mil suscriptores pages=3 candidates=16 unique_candidates=5748 accepted=495
query=mexico familia vlog 20 mil suscriptores pages=3 candidates=32 unique_candidates=5753 accepted=495
query=mexico familia vlog 10k subscribers pages=3 candidates=40 unique_candidates=5758 accepted=495
validated batch accepted+0 rejected+42 total=495
query=mexico mama vlog 500 mil suscriptores pages=3 candidates=19 unique_candidates=5759 accepted=495
query=mexico mama vlog 100 mil suscriptores pages=3 candidates=31 unique_candidates=5759 accepted=495
query=mexico mama vlog 10 mil suscriptores pages=3 candidates=40 unique_candidates=5760 accepted=495
query=mexico mama vlog 20k subscribers pages=3 candidates=29 unique_candidates=5763 accepted=495
query=mexico mama vlog 200 mil suscriptores pages=3 candidates=17 unique_candidates=5763 accepted=495
query=mexico mama vlog 50 mil suscriptores pages=3 candidates=35 unique_candidates=5764 accepted=495
query=mexico mama vlog 500k subscribers pages=3 candidates=40 unique_candidates=5775 accepted=495
query=mexico mama vlog 200k subscribers pages=3 candidates=32 unique_candidates=5779 accepted=495
query=mexico mama vlog 20 mil suscriptores pages=3 candidates=40 unique_candidates=5779 accepted=495
query=mexico mama vlog 50k subscribers pages=3 candidates=40 unique_candidates=5781 accepted=495
query=mexico mama vlog 100k subscribers pages=3 candidates=40 unique_candidates=5788 accepted=495
query=mexico mama vlog 10k subscribers pages=3 candidates=40 unique_candidates=5795 accepted=495
validated batch accepted+1 rejected+36 total=496
query=mexico emprendedor 50k subscribers pages=1 candidates=0 unique_candidates=5795 accepted=496
query=mexico emprendedor 500 mil suscriptores pages=1 candidates=0 unique_candidates=5795 accepted=496
query=mexico emprendedor 50 mil suscriptores pages=1 candidates=0 unique_candidates=5795 accepted=496
query=mexico emprendedor 100 mil suscriptores pages=1 candidates=0 unique_candidates=5795 accepted=496
query=mexico emprendedor 200k subscribers pages=1 candidates=0 unique_candidates=5795 accepted=496
query=mexico emprendedor 20 mil suscriptores pages=3 candidates=1 unique_candidates=5795 accepted=496
query=mexico emprendedor 20k subscribers pages=3 candidates=1 unique_candidates=5795 accepted=496
query=mexico emprendedor 200 mil suscriptores pages=3 candidates=1 unique_candidates=5795 accepted=496
query=mexico emprendedor 10k subscribers pages=3 candidates=12 unique_candidates=5804 accepted=496
query=mexico emprendedor 10 mil suscriptores pages=3 candidates=12 unique_candidates=5807 accepted=496
query=mexico emprendedor 100k subscribers pages=3 candidates=16 unique_candidates=5818 accepted=496
validated batch accepted+1 rejected+22 total=497
query=mexico emprendedor 500k subscribers pages=1 candidates=0 unique_candidates=5818 accepted=497
query=mexico negocios 200 mil suscriptores pages=3 candidates=13 unique_candidates=5820 accepted=497
query=mexico negocios 50k subscribers pages=3 candidates=16 unique_candidates=5826 accepted=497
query=mexico negocios 500 mil suscriptores pages=3 candidates=16 unique_candidates=5831 accepted=497
query=mexico negocios 100 mil suscriptores pages=3 candidates=28 unique_candidates=5835 accepted=497
query=mexico negocios 100k subscribers pages=3 candidates=31 unique_candidates=5842 accepted=497
query=mexico negocios 20k subscribers pages=3 candidates=16 unique_candidates=5847 accepted=497
query=mexico negocios 10 mil suscriptores pages=3 candidates=29 unique_candidates=5852 accepted=497
query=mexico negocios 20 mil suscriptores pages=3 candidates=25 unique_candidates=5855 accepted=497
query=mexico negocios 10k subscribers pages=3 candidates=26 unique_candidates=5860 accepted=497
query=mexico negocios 50 mil suscriptores pages=3 candidates=22 unique_candidates=5866 accepted=497
validated batch accepted+5 rejected+43 total=502
query=mexico negocios 200k subscribers pages=3 candidates=16 unique_candidates=5869 accepted=502
query=mexico real estate 100 mil suscriptores pages=3 candidates=38 unique_candidates=5875 accepted=502
query=mexico real estate 50k subscribers pages=3 candidates=40 unique_candidates=5882 accepted=502
query=mexico negocios 500k subscribers pages=3 candidates=16 unique_candidates=5884 accepted=502
query=mexico real estate 200 mil suscriptores pages=3 candidates=19 unique_candidates=5889 accepted=502
query=mexico real estate 500 mil suscriptores pages=3 candidates=19 unique_candidates=5897 accepted=502
query=mexico real estate 10k subscribers pages=3 candidates=40 unique_candidates=5910 accepted=502
query=mexico real estate 20k subscribers pages=3 candidates=40 unique_candidates=5919 accepted=502
query=mexico real estate 20 mil suscriptores pages=3 candidates=39 unique_candidates=5922 accepted=502
query=mexico real estate 50 mil suscriptores pages=3 candidates=37 unique_candidates=5928 accepted=502
query=mexico real estate 10 mil suscriptores pages=3 candidates=38 unique_candidates=5932 accepted=502
validated batch accepted+2 rejected+64 total=504
query=mexico bienes raices 200 mil suscriptores pages=1 candidates=0 unique_candidates=5932 accepted=504
query=mexico bienes raices 100 mil suscriptores pages=1 candidates=0 unique_candidates=5932 accepted=504
query=mexico bienes raices 50 mil suscriptores pages=1 candidates=0 unique_candidates=5932 accepted=504
query=mexico bienes raices 20k subscribers pages=1 candidates=0 unique_candidates=5932 accepted=504
query=mexico bienes raices 10 mil suscriptores pages=1 candidates=0 unique_candidates=5932 accepted=504
query=mexico bienes raices 500 mil suscriptores pages=1 candidates=0 unique_candidates=5932 accepted=504
query=mexico bienes raices 10k subscribers pages=1 candidates=0 unique_candidates=5932 accepted=504
query=mexico bienes raices 20 mil suscriptores pages=1 candidates=0 unique_candidates=5932 accepted=504
query=mexico real estate 500k subscribers pages=3 candidates=40 unique_candidates=5934 accepted=504
query=mexico real estate 200k subscribers pages=3 candidates=40 unique_candidates=5939 accepted=504
query=mexico real estate 100k subscribers pages=3 candidates=40 unique_candidates=5960 accepted=504
validated batch accepted+0 rejected+28 total=504
query=mexico relocation 500 mil suscriptores pages=1 candidates=0 unique_candidates=5960 accepted=504
query=mexico bienes raices 500k subscribers pages=1 candidates=0 unique_candidates=5960 accepted=504
query=mexico bienes raices 200k subscribers pages=1 candidates=0 unique_candidates=5960 accepted=504
query=mexico bienes raices 50k subscribers pages=1 candidates=0 unique_candidates=5960 accepted=504
query=mexico relocation 200 mil suscriptores pages=3 candidates=1 unique_candidates=5960 accepted=504
query=mexico relocation 50 mil suscriptores pages=3 candidates=1 unique_candidates=5960 accepted=504
query=mexico relocation 100 mil suscriptores pages=3 candidates=13 unique_candidates=5964 accepted=504
query=mexico relocation 10 mil suscriptores pages=3 candidates=14 unique_candidates=5966 accepted=504
query=mexico relocation 20 mil suscriptores pages=3 candidates=12 unique_candidates=5969 accepted=504
query=mexico bienes raices 100k subscribers pages=3 candidates=13 unique_candidates=5975 accepted=504
query=mexico relocation 10k subscribers pages=3 candidates=40 unique_candidates=5979 accepted=504
validated batch accepted+1 rejected+18 total=505
query=mexico news 20 mil suscriptores pages=2 candidates=20 unique_candidates=5985 accepted=505
query=mexico news 200 mil suscriptores pages=2 candidates=12 unique_candidates=5993 accepted=505
query=mexico news 50 mil suscriptores pages=2 candidates=17 unique_candidates=5996 accepted=505
query=mexico news 100 mil suscriptores pages=3 candidates=21 unique_candidates=5997 accepted=505
query=mexico news 500 mil suscriptores pages=3 candidates=1 unique_candidates=5997 accepted=505
query=mexico relocation 500k subscribers pages=3 candidates=40 unique_candidates=6001 accepted=505
query=mexico relocation 50k subscribers pages=3 candidates=38 unique_candidates=6004 accepted=505
query=mexico relocation 200k subscribers pages=3 candidates=34 unique_candidates=6009 accepted=505
query=mexico relocation 100k subscribers pages=3 candidates=40 unique_candidates=6017 accepted=505
query=mexico news 10 mil suscriptores pages=3 candidates=40 unique_candidates=6022 accepted=505
query=mexico relocation 20k subscribers pages=3 candidates=34 unique_candidates=6025 accepted=505
validated batch accepted+0 rejected+46 total=505
query=mexico noticias 200 mil suscriptores pages=2 candidates=14 unique_candidates=6030 accepted=505
query=mexico noticias 20 mil suscriptores pages=3 candidates=37 unique_candidates=6033 accepted=505
query=mexico noticias 50 mil suscriptores pages=3 candidates=24 unique_candidates=6035 accepted=505
query=mexico noticias 100 mil suscriptores pages=3 candidates=37 unique_candidates=6041 accepted=505
query=mexico noticias 10 mil suscriptores pages=3 candidates=49 unique_candidates=6046 accepted=505
query=mexico news 200k subscribers pages=3 candidates=42 unique_candidates=6056 accepted=505
query=mexico news 20k subscribers pages=3 candidates=38 unique_candidates=6065 accepted=505
query=mexico news 500k subscribers pages=3 candidates=40 unique_candidates=6077 accepted=505
query=mexico news 50k subscribers pages=3 candidates=39 unique_candidates=6086 accepted=505
query=mexico news 100k subscribers pages=3 candidates=40 unique_candidates=6104 accepted=505
query=mexico news 10k subscribers pages=3 candidates=39 unique_candidates=6115 accepted=505
validated batch accepted+3 rejected+87 total=508
query=mexico noticias 50k subscribers pages=2 candidates=17 unique_candidates=6123 accepted=508
query=mexico noticias 500k subscribers pages=2 candidates=17 unique_candidates=6129 accepted=508
query=mexico noticias 200k subscribers pages=2 candidates=15 unique_candidates=6133 accepted=508
query=mexico noticias 20k subscribers pages=3 candidates=20 unique_candidates=6138 accepted=508
query=mexico noticias 100k subscribers pages=3 candidates=39 unique_candidates=6154 accepted=508
query=mexico noticias 10k subscribers pages=3 candidates=40 unique_candidates=6169 accepted=508
query=mexico musica 20 mil suscriptores pages=3 candidates=40 unique_candidates=6182 accepted=508
query=mexico musica 100 mil suscriptores pages=3 candidates=40 unique_candidates=6191 accepted=508
query=mexico musica 50 mil suscriptores pages=3 candidates=40 unique_candidates=6197 accepted=508
query=mexico noticias 500 mil suscriptores pages=3 candidates=15 unique_candidates=6201 accepted=508
query=mexico musica 10 mil suscriptores pages=3 candidates=40 unique_candidates=6211 accepted=508
validated batch accepted+17 rejected+79 total=525
query=mexico musica 500 mil suscriptores pages=3 candidates=29 unique_candidates=6216 accepted=525
query=mexico musica regional 10 mil suscriptores pages=3 candidates=18 unique_candidates=6219 accepted=525
query=mexico musica 200k subscribers pages=3 candidates=40 unique_candidates=6229 accepted=525
query=mexico musica regional 20 mil suscriptores pages=3 candidates=20 unique_candidates=6230 accepted=525
query=mexico musica regional 50 mil suscriptores pages=3 candidates=14 unique_candidates=6234 accepted=525
query=mexico musica 200 mil suscriptores pages=3 candidates=23 unique_candidates=6239 accepted=525
query=mexico musica 500k subscribers pages=3 candidates=40 unique_candidates=6245 accepted=525
query=mexico musica 20k subscribers pages=3 candidates=40 unique_candidates=6261 accepted=525
query=mexico musica 10k subscribers pages=3 candidates=40 unique_candidates=6282 accepted=525
query=mexico musica 100k subscribers pages=3 candidates=40 unique_candidates=6301 accepted=525
query=mexico musica 50k subscribers pages=3 candidates=40 unique_candidates=6316 accepted=525
validated batch accepted+2 rejected+103 total=527
query=mexico musica regional 200 mil suscriptores pages=1 candidates=0 unique_candidates=6316 accepted=527
query=mexico musica regional 500k subscribers pages=3 candidates=14 unique_candidates=6321 accepted=527
query=mexico corridos 10 mil suscriptores pages=3 candidates=14 unique_candidates=6324 accepted=527
query=mexico musica regional 200k subscribers pages=3 candidates=15 unique_candidates=6328 accepted=527
query=mexico musica regional 100 mil suscriptores pages=3 candidates=17 unique_candidates=6334 accepted=527
query=mexico musica regional 500 mil suscriptores pages=3 candidates=12 unique_candidates=6341 accepted=527
query=mexico musica regional 10k subscribers pages=3 candidates=40 unique_candidates=6359 accepted=527
query=mexico musica regional 50k subscribers pages=3 candidates=17 unique_candidates=6360 accepted=527
query=mexico corridos 20 mil suscriptores pages=3 candidates=14 unique_candidates=6367 accepted=527
query=mexico musica regional 100k subscribers pages=3 candidates=31 unique_candidates=6380 accepted=527
query=mexico musica regional 20k subscribers pages=3 candidates=19 unique_candidates=6387 accepted=527
validated batch accepted+4 rejected+67 total=531
query=mexico corridos 200 mil suscriptores pages=3 candidates=1 unique_candidates=6387 accepted=531
query=mexico corridos 500k subscribers pages=3 candidates=14 unique_candidates=6389 accepted=531
query=mexico corridos 200k subscribers pages=3 candidates=17 unique_candidates=6390 accepted=531
query=mexico corridos 50k subscribers pages=3 candidates=24 unique_candidates=6393 accepted=531
query=mexico corridos 20k subscribers pages=3 candidates=19 unique_candidates=6394 accepted=531
query=mexico banda 10 mil suscriptores pages=3 candidates=30 unique_candidates=6398 accepted=531
query=mexico corridos 50 mil suscriptores pages=3 candidates=11 unique_candidates=6398 accepted=531
query=mexico corridos 100 mil suscriptores pages=3 candidates=7 unique_candidates=6401 accepted=531
query=mexico corridos 100k subscribers pages=3 candidates=36 unique_candidates=6416 accepted=531
query=mexico corridos 10k subscribers pages=3 candidates=40 unique_candidates=6428 accepted=531
query=mexico corridos 500 mil suscriptores pages=3 candidates=8 unique_candidates=6428 accepted=531
validated batch accepted+6 rejected+35 total=537
query=mexico banda 200 mil suscriptores pages=3 candidates=16 unique_candidates=6431 accepted=537
query=mexico banda 100 mil suscriptores pages=3 candidates=32 unique_candidates=6433 accepted=537
query=mexico banda 200k subscribers pages=3 candidates=40 unique_candidates=6441 accepted=537
query=mexico banda 500 mil suscriptores pages=3 candidates=17 unique_candidates=6443 accepted=537
query=mexico banda 500k subscribers pages=3 candidates=40 unique_candidates=6449 accepted=537
query=mexico banda 50 mil suscriptores pages=3 candidates=24 unique_candidates=6452 accepted=537
query=mexico banda 100k subscribers pages=3 candidates=40 unique_candidates=6458 accepted=537
query=mexico banda 20 mil suscriptores pages=3 candidates=24 unique_candidates=6460 accepted=537
query=mexico banda 20k subscribers pages=3 candidates=40 unique_candidates=6476 accepted=537
query=mexico banda 50k subscribers pages=3 candidates=40 unique_candidates=6481 accepted=537
query=mexico banda 10k subscribers pages=3 candidates=40 unique_candidates=6484 accepted=537
validated batch accepted+2 rejected+54 total=539
query=mexico mariachi 500 mil suscriptores pages=3 candidates=1 unique_candidates=6484 accepted=539
query=mexico mariachi 20k subscribers pages=3 candidates=16 unique_candidates=6486 accepted=539
query=mexico mariachi 50k subscribers pages=3 candidates=20 unique_candidates=6489 accepted=539
query=mexico mariachi 200k subscribers pages=3 candidates=18 unique_candidates=6497 accepted=539
query=mexico mariachi 500k subscribers pages=3 candidates=16 unique_candidates=6499 accepted=539
query=mexico mariachi 20 mil suscriptores pages=3 candidates=12 unique_candidates=6499 accepted=539
query=mexico mariachi 50 mil suscriptores pages=3 candidates=13 unique_candidates=6500 accepted=539
query=mexico mariachi 10 mil suscriptores pages=3 candidates=16 unique_candidates=6502 accepted=539
query=mexico mariachi 100k subscribers pages=3 candidates=23 unique_candidates=6506 accepted=539
query=mexico mariachi 10k subscribers pages=3 candidates=33 unique_candidates=6515 accepted=539
query=mexico mariachi 200 mil suscriptores pages=3 candidates=1 unique_candidates=6515 accepted=539
query=mexico mariachi 100 mil suscriptores pages=3 candidates=17 unique_candidates=6515 accepted=539
validated batch accepted+3 rejected+28 total=542
query=mexico educacion 10 mil suscriptores pages=2 candidates=18 unique_candidates=6518 accepted=542
query=mexico educacion 200 mil suscriptores pages=3 candidates=1 unique_candidates=6518 accepted=542
query=mexico educacion 200k subscribers pages=3 candidates=13 unique_candidates=6518 accepted=542
query=mexico educacion 500 mil suscriptores pages=3 candidates=1 unique_candidates=6518 accepted=542
query=mexico educacion 50k subscribers pages=3 candidates=1 unique_candidates=6518 accepted=542
query=mexico educacion 20k subscribers pages=3 candidates=15 unique_candidates=6521 accepted=542
query=mexico educacion 100 mil suscriptores pages=3 candidates=16 unique_candidates=6523 accepted=542
query=mexico educacion 50 mil suscriptores pages=3 candidates=15 unique_candidates=6524 accepted=542
query=mexico educacion 20 mil suscriptores pages=3 candidates=15 unique_candidates=6526 accepted=542
query=mexico educacion 100k subscribers pages=3 candidates=22 unique_candidates=6531 accepted=542
query=mexico educacion 10k subscribers pages=3 candidates=23 unique_candidates=6532 accepted=542
validated batch accepted+3 rejected+14 total=545
query=mexico educacion 500k subscribers pages=3 candidates=1 unique_candidates=6532 accepted=545
query=mexico autos 10k subscribers pages=3 candidates=40 unique_candidates=6546 accepted=545
query=mexico autos 500 mil suscriptores pages=3 candidates=22 unique_candidates=6551 accepted=545
query=mexico autos 200 mil suscriptores pages=3 candidates=20 unique_candidates=6555 accepted=545
query=mexico autos 100k subscribers pages=3 candidates=40 unique_candidates=6575 accepted=545
query=mexico autos 20 mil suscriptores pages=3 candidates=39 unique_candidates=6577 accepted=545
query=mexico autos 100 mil suscriptores pages=3 candidates=40 unique_candidates=6587 accepted=545
query=mexico autos 50k subscribers pages=3 candidates=40 unique_candidates=6598 accepted=545
query=mexico autos 10 mil suscriptores pages=3 candidates=40 unique_candidates=6603 accepted=545
query=mexico autos 50 mil suscriptores pages=3 candidates=37 unique_candidates=6608 accepted=545
query=mexico autos 20k subscribers pages=3 candidates=40 unique_candidates=6621 accepted=545
validated batch accepted+2 rejected+87 total=547
query=mexico motos 500 mil suscriptores pages=3 candidates=17 unique_candidates=6626 accepted=547
query=mexico motos 20 mil suscriptores pages=3 candidates=36 unique_candidates=6628 accepted=547
query=mexico motos 100 mil suscriptores pages=3 candidates=35 unique_candidates=6628 accepted=547
query=mexico autos 200k subscribers pages=3 candidates=32 unique_candidates=6633 accepted=547
query=mexico motos 50 mil suscriptores pages=3 candidates=27 unique_candidates=6634 accepted=547
query=mexico motos 200 mil suscriptores pages=3 candidates=14 unique_candidates=6638 accepted=547
query=mexico motos 10k subscribers pages=3 candidates=40 unique_candidates=6656 accepted=547
query=mexico autos 500k subscribers pages=3 candidates=40 unique_candidates=6658 accepted=547
query=mexico motos 20k subscribers pages=3 candidates=20 unique_candidates=6667 accepted=547
query=mexico motos 50k subscribers pages=3 candidates=17 unique_candidates=6676 accepted=547
query=mexico motos 10 mil suscriptores pages=3 candidates=40 unique_candidates=6677 accepted=547
validated batch accepted+2 rejected+54 total=549
query=mexico motos 200k subscribers pages=3 candidates=13 unique_candidates=6683 accepted=549
query=mexico podcast 200 mil suscriptores pages=3 candidates=15 unique_candidates=6686 accepted=549
query=mexico podcast 50 mil suscriptores pages=3 candidates=39 unique_candidates=6692 accepted=549
query=mexico podcast 500 mil suscriptores pages=3 candidates=22 unique_candidates=6694 accepted=549
query=mexico motos 500k subscribers pages=3 candidates=16 unique_candidates=6696 accepted=549
query=mexico podcast 20k subscribers pages=3 candidates=40 unique_candidates=6701 accepted=549
query=mexico podcast 20 mil suscriptores pages=3 candidates=40 unique_candidates=6702 accepted=549
query=mexico motos 100k subscribers pages=3 candidates=40 unique_candidates=6719 accepted=549
query=mexico podcast 10 mil suscriptores pages=3 candidates=40 unique_candidates=6721 accepted=549
query=mexico podcast 100 mil suscriptores pages=3 candidates=33 unique_candidates=6722 accepted=549
query=mexico podcast 10k subscribers pages=3 candidates=40 unique_candidates=6729 accepted=549
validated batch accepted+7 rejected+45 total=556
query=mexico humor 20 mil suscriptores pages=3 candidates=40 unique_candidates=6744 accepted=556
query=mexico humor 100 mil suscriptores pages=3 candidates=40 unique_candidates=6755 accepted=556
query=mexico podcast 200k subscribers pages=3 candidates=40 unique_candidates=6764 accepted=556
query=mexico podcast 50k subscribers pages=3 candidates=40 unique_candidates=6767 accepted=556
query=mexico humor 50 mil suscriptores pages=3 candidates=29 unique_candidates=6776 accepted=556
query=mexico humor 10 mil suscriptores pages=3 candidates=40 unique_candidates=6787 accepted=556
query=mexico humor 500 mil suscriptores pages=3 candidates=20 unique_candidates=6791 accepted=556
query=mexico podcast 500k subscribers pages=3 candidates=40 unique_candidates=6791 accepted=556
query=mexico humor 200 mil suscriptores pages=3 candidates=17 unique_candidates=6794 accepted=556
query=mexico podcast 100k subscribers pages=3 candidates=40 unique_candidates=6807 accepted=556
query=mexico humor 10k subscribers pages=3 candidates=40 unique_candidates=6819 accepted=556
validated batch accepted+6 rejected+84 total=562
query=mexico finanzas 500 mil suscriptores pages=1 candidates=0 unique_candidates=6819 accepted=562
query=mexico finanzas 50 mil suscriptores pages=1 candidates=0 unique_candidates=6819 accepted=562
query=mexico finanzas 100 mil suscriptores pages=3 candidates=1 unique_candidates=6819 accepted=562
query=mexico finanzas 200 mil suscriptores pages=3 candidates=1 unique_candidates=6819 accepted=562
query=mexico finanzas 10 mil suscriptores pages=3 candidates=12 unique_candidates=6823 accepted=562
query=mexico finanzas 20 mil suscriptores pages=3 candidates=14 unique_candidates=6825 accepted=562
query=mexico humor 200k subscribers pages=3 candidates=40 unique_candidates=6837 accepted=562
query=mexico humor 50k subscribers pages=3 candidates=40 unique_candidates=6852 accepted=562
query=mexico humor 500k subscribers pages=3 candidates=40 unique_candidates=6861 accepted=562
query=mexico humor 20k subscribers pages=3 candidates=40 unique_candidates=6873 accepted=562
query=mexico humor 100k subscribers pages=3 candidates=40 unique_candidates=6891 accepted=562
validated batch accepted+2 rejected+70 total=564
query=mexico finanzas 500k subscribers pages=1 candidates=0 unique_candidates=6891 accepted=564
query=mexico finanzas 200k subscribers pages=1 candidates=0 unique_candidates=6891 accepted=564
query=mexico marketing 200 mil suscriptores pages=1 candidates=0 unique_candidates=6891 accepted=564
query=mexico finanzas 20k subscribers pages=3 candidates=1 unique_candidates=6891 accepted=564
query=mexico marketing 20 mil suscriptores pages=3 candidates=14 unique_candidates=6893 accepted=564
query=mexico marketing 100 mil suscriptores pages=3 candidates=15 unique_candidates=6895 accepted=564
query=mexico marketing 50 mil suscriptores pages=3 candidates=14 unique_candidates=6896 accepted=564
query=mexico finanzas 50k subscribers pages=3 candidates=12 unique_candidates=6903 accepted=564
query=mexico marketing 10 mil suscriptores pages=3 candidates=17 unique_candidates=6904 accepted=564
query=mexico finanzas 10k subscribers pages=3 candidates=13 unique_candidates=6907 accepted=564
query=mexico finanzas 100k subscribers pages=3 candidates=18 unique_candidates=6913 accepted=564
validated batch accepted+1 rejected+21 total=565
query=mexico marketing 500 mil suscriptores pages=3 candidates=13 unique_candidates=6913 accepted=565
query=mexico marketing 500k subscribers pages=3 candidates=14 unique_candidates=6923 accepted=565
query=mexico marketing 10k subscribers pages=3 candidates=29 unique_candidates=6935 accepted=565
query=mexico fotografia 10 mil suscriptores pages=3 candidates=40 unique_candidates=6939 accepted=565
query=mexico fotografia 20 mil suscriptores pages=3 candidates=40 unique_candidates=6941 accepted=565
query=mexico fotografia 50 mil suscriptores pages=3 candidates=40 unique_candidates=6942 accepted=565
query=mexico marketing 100k subscribers pages=3 candidates=20 unique_candidates=6950 accepted=565
query=mexico marketing 50k subscribers pages=3 candidates=15 unique_candidates=6959 accepted=565
query=mexico marketing 200k subscribers pages=3 candidates=18 unique_candidates=6969 accepted=565
query=mexico marketing 20k subscribers pages=3 candidates=28 unique_candidates=6978 accepted=565
query=mexico fotografia 100 mil suscriptores pages=3 candidates=40 unique_candidates=6980 accepted=565
validated batch accepted+1 rejected+66 total=566
query=mexico salud 20 mil suscriptores pages=3 candidates=20 unique_candidates=6984 accepted=566
query=mexico fotografia 200k subscribers pages=3 candidates=25 unique_candidates=6994 accepted=566
query=mexico salud 50 mil suscriptores pages=3 candidates=15 unique_candidates=6994 accepted=566
query=mexico salud 10 mil suscriptores pages=3 candidates=22 unique_candidates=6999 accepted=566
query=mexico fotografia 200 mil suscriptores pages=3 candidates=25 unique_candidates=7000 accepted=566
query=mexico fotografia 500k subscribers pages=3 candidates=33 unique_candidates=7009 accepted=566
query=mexico fotografia 50k subscribers pages=3 candidates=35 unique_candidates=7020 accepted=566
query=mexico fotografia 20k subscribers pages=3 candidates=17 unique_candidates=7021 accepted=566
query=mexico fotografia 10k subscribers pages=3 candidates=40 unique_candidates=7027 accepted=566
query=mexico fotografia 500 mil suscriptores pages=3 candidates=27 unique_candidates=7027 accepted=566
query=mexico fotografia 100k subscribers pages=3 candidates=39 unique_candidates=7044 accepted=566
validated batch accepted+2 rejected+62 total=568
query=mexico salud 500 mil suscriptores pages=1 candidates=0 unique_candidates=7044 accepted=568
query=mexico medicina 10 mil suscriptores pages=3 candidates=14 unique_candidates=7046 accepted=568
query=mexico salud 200k subscribers pages=3 candidates=13 unique_candidates=7053 accepted=568
query=mexico salud 200 mil suscriptores pages=3 candidates=12 unique_candidates=7053 accepted=568
query=mexico salud 100 mil suscriptores pages=3 candidates=22 unique_candidates=7056 accepted=568
query=mexico salud 500k subscribers pages=3 candidates=12 unique_candidates=7064 accepted=568
query=mexico medicina 20 mil suscriptores pages=3 candidates=13 unique_candidates=7066 accepted=568
query=mexico salud 50k subscribers pages=3 candidates=18 unique_candidates=7076 accepted=568
query=mexico salud 20k subscribers pages=3 candidates=13 unique_candidates=7079 accepted=568
query=mexico salud 100k subscribers pages=3 candidates=19 unique_candidates=7083 accepted=568
query=mexico salud 10k subscribers pages=3 candidates=22 unique_candidates=7096 accepted=568
validated batch accepted+4 rejected+48 total=572
query=mexico arquitectura 10 mil suscriptores pages=1 candidates=0 unique_candidates=7096 accepted=572
query=mexico medicina 200k subscribers pages=1 candidates=0 unique_candidates=7096 accepted=572
query=mexico medicina 200 mil suscriptores pages=1 candidates=0 unique_candidates=7096 accepted=572
query=mexico medicina 500 mil suscriptores pages=3 candidates=1 unique_candidates=7096 accepted=572
query=mexico medicina 50k subscribers pages=3 candidates=12 unique_candidates=7099 accepted=572
query=mexico medicina 500k subscribers pages=3 candidates=12 unique_candidates=7107 accepted=572
query=mexico medicina 100 mil suscriptores pages=3 candidates=18 unique_candidates=7109 accepted=572
query=mexico medicina 20k subscribers pages=3 candidates=1 unique_candidates=7109 accepted=572
query=mexico medicina 10k subscribers pages=3 candidates=17 unique_candidates=7109 accepted=572
query=mexico medicina 100k subscribers pages=3 candidates=13 unique_candidates=7110 accepted=572
query=mexico medicina 50 mil suscriptores pages=3 candidates=14 unique_candidates=7111 accepted=572
validated batch accepted+0 rejected+15 total=572
query=mexico arquitectura 500k subscribers pages=1 candidates=0 unique_candidates=7111 accepted=572
query=mexico arquitectura 20 mil suscriptores pages=1 candidates=0 unique_candidates=7111 accepted=572
query=mexico arquitectura 200k subscribers pages=1 candidates=0 unique_candidates=7111 accepted=572
query=mexico arquitectura 100 mil suscriptores pages=1 candidates=0 unique_candidates=7111 accepted=572
query=mexico arquitectura 20k subscribers pages=1 candidates=0 unique_candidates=7111 accepted=572
query=mexico arquitectura 200 mil suscriptores pages=1 candidates=0 unique_candidates=7111 accepted=572
query=mexico arquitectura 50k subscribers pages=1 candidates=0 unique_candidates=7111 accepted=572
query=mexico arquitectura 500 mil suscriptores pages=1 candidates=0 unique_candidates=7111 accepted=572
query=mexico arquitectura 50 mil suscriptores pages=3 candidates=1 unique_candidates=7111 accepted=572
query=mexico arquitectura 10k subscribers pages=3 candidates=1 unique_candidates=7112 accepted=572
query=mexico arquitectura 100k subscribers pages=3 candidates=13 unique_candidates=7115 accepted=572
validated batch accepted+0 rejected+4 total=572
query=mexico diseño 500 mil suscriptores pages=1 candidates=0 unique_candidates=7115 accepted=572
query=mexico diseño 20 mil suscriptores pages=3 candidates=13 unique_candidates=7117 accepted=572
query=mexico diseño 10 mil suscriptores pages=3 candidates=16 unique_candidates=7120 accepted=572
query=mexico diseño 100 mil suscriptores pages=3 candidates=15 unique_candidates=7121 accepted=572
query=mexico diseño 200 mil suscriptores pages=3 candidates=12 unique_candidates=7122 accepted=572
query=mexico diseño 200k subscribers pages=3 candidates=17 unique_candidates=7133 accepted=572
query=mexico diseño 100k subscribers pages=3 candidates=40 unique_candidates=7150 accepted=572
query=mexico diseño 500k subscribers pages=3 candidates=15 unique_candidates=7156 accepted=572
query=mexico diseño 20k subscribers pages=3 candidates=16 unique_candidates=7163 accepted=572
query=mexico diseño 50 mil suscriptores pages=3 candidates=13 unique_candidates=7164 accepted=572
query=mexico diseño 50k subscribers pages=3 candidates=14 unique_candidates=7175 accepted=572
query=mexico diseño 10k subscribers pages=3 candidates=40 unique_candidates=7191 accepted=572
validated batch accepted+0 rejected+76 total=572
query=mexico manualidades 200k subscribers pages=1 candidates=0 unique_candidates=7191 accepted=572
query=mexico manualidades 500 mil suscriptores pages=3 candidates=1 unique_candidates=7191 accepted=572
query=mexico manualidades 10k subscribers pages=3 candidates=16 unique_candidates=7191 accepted=572
query=mexico manualidades 50k subscribers pages=3 candidates=1 unique_candidates=7191 accepted=572
query=mexico manualidades 20 mil suscriptores pages=3 candidates=1 unique_candidates=7191 accepted=572
query=mexico manualidades 10 mil suscriptores pages=3 candidates=15 unique_candidates=7192 accepted=572
query=mexico manualidades 100 mil suscriptores pages=3 candidates=13 unique_candidates=7193 accepted=572
query=mexico manualidades 50 mil suscriptores pages=3 candidates=13 unique_candidates=7195 accepted=572
query=mexico manualidades 100k subscribers pages=3 candidates=14 unique_candidates=7196 accepted=572
query=mexico manualidades 200 mil suscriptores pages=3 candidates=1 unique_candidates=7196 accepted=572
query=mexico manualidades 20k subscribers pages=3 candidates=1 unique_candidates=7196 accepted=572
validated batch accepted+0 rejected+5 total=572
query=mexico manualidades 500k subscribers pages=1 candidates=0 unique_candidates=7196 accepted=572
query=mexico anime 20 mil suscriptores pages=3 candidates=29 unique_candidates=7198 accepted=572
query=mexico anime 100k subscribers pages=3 candidates=40 unique_candidates=7221 accepted=572
query=mexico anime 500 mil suscriptores pages=3 candidates=16 unique_candidates=7224 accepted=572
query=mexico anime 200 mil suscriptores pages=3 candidates=17 unique_candidates=7227 accepted=572
query=mexico anime 10k subscribers pages=3 candidates=40 unique_candidates=7242 accepted=572
query=mexico anime 50 mil suscriptores pages=3 candidates=27 unique_candidates=7244 accepted=572
query=mexico anime 20k subscribers pages=3 candidates=24 unique_candidates=7254 accepted=572
query=mexico anime 100 mil suscriptores pages=3 candidates=34 unique_candidates=7259 accepted=572
query=mexico anime 50k subscribers pages=3 candidates=31 unique_candidates=7270 accepted=572
query=mexico anime 10 mil suscriptores pages=3 candidates=37 unique_candidates=7274 accepted=572
validated batch accepted+1 rejected+77 total=573
query=mexico anime 500k subscribers pages=3 candidates=23 unique_candidates=7284 accepted=573
query=mexico kpop 20k subscribers pages=3 candidates=21 unique_candidates=7294 accepted=573
query=mexico kpop 10 mil suscriptores pages=3 candidates=22 unique_candidates=7299 accepted=573
query=mexico anime 200k subscribers pages=3 candidates=23 unique_candidates=7307 accepted=573
query=mexico kpop 20 mil suscriptores pages=3 candidates=17 unique_candidates=7309 accepted=573
query=mexico kpop 200 mil suscriptores pages=3 candidates=13 unique_candidates=7312 accepted=573
query=mexico kpop 500 mil suscriptores pages=3 candidates=15 unique_candidates=7314 accepted=573
query=mexico kpop 50k subscribers pages=3 candidates=28 unique_candidates=7327 accepted=573
query=mexico kpop 100 mil suscriptores pages=3 candidates=24 unique_candidates=7331 accepted=573
query=mexico kpop 50 mil suscriptores pages=3 candidates=20 unique_candidates=7334 accepted=573
query=mexico kpop 10k subscribers pages=3 candidates=40 unique_candidates=7354 accepted=573
validated batch accepted+1 rejected+79 total=574
query=mexico kpop 200k subscribers pages=3 candidates=24 unique_candidates=7362 accepted=574
query=mexico futbol 50 mil suscriptores pages=3 candidates=40 unique_candidates=7369 accepted=574
query=mexico kpop 500k subscribers pages=3 candidates=23 unique_candidates=7375 accepted=574
query=mexico futbol 200 mil suscriptores pages=3 candidates=23 unique_candidates=7379 accepted=574
query=mexico futbol 20 mil suscriptores pages=3 candidates=40 unique_candidates=7385 accepted=574
query=mexico kpop 100k subscribers pages=3 candidates=40 unique_candidates=7407 accepted=574
query=mexico futbol 500 mil suscriptores pages=3 candidates=21 unique_candidates=7411 accepted=574
query=mexico futbol 10k subscribers pages=3 candidates=40 unique_candidates=7430 accepted=574
query=mexico futbol 20k subscribers pages=3 candidates=40 unique_candidates=7446 accepted=574
query=mexico futbol 100 mil suscriptores pages=3 candidates=40 unique_candidates=7455 accepted=574
query=mexico futbol 10 mil suscriptores pages=3 candidates=40 unique_candidates=7463 accepted=574
validated batch accepted+3 rejected+106 total=577
query=mexico baseball 200 mil suscriptores pages=1 candidates=0 unique_candidates=7463 accepted=577
query=mexico baseball 500 mil suscriptores pages=3 candidates=1 unique_candidates=7463 accepted=577
query=mexico baseball 50 mil suscriptores pages=3 candidates=12 unique_candidates=7463 accepted=577
query=mexico baseball 10 mil suscriptores pages=3 candidates=13 unique_candidates=7468 accepted=577
query=mexico baseball 100 mil suscriptores pages=3 candidates=12 unique_candidates=7468 accepted=577
query=mexico baseball 20 mil suscriptores pages=3 candidates=12 unique_candidates=7469 accepted=577
query=mexico baseball 10k subscribers pages=3 candidates=40 unique_candidates=7485 accepted=577
query=mexico futbol 500k subscribers pages=3 candidates=40 unique_candidates=7494 accepted=577
query=mexico futbol 200k subscribers pages=3 candidates=40 unique_candidates=7507 accepted=577
query=mexico futbol 50k subscribers pages=3 candidates=40 unique_candidates=7517 accepted=577
query=mexico futbol 100k subscribers pages=3 candidates=40 unique_candidates=7535 accepted=577
validated batch accepted+1 rejected+71 total=578
query=mexico baseball 200k subscribers pages=3 candidates=14 unique_candidates=7539 accepted=578
query=mexico historia 500 mil suscriptores pages=3 candidates=33 unique_candidates=7543 accepted=578
query=mexico baseball 50k subscribers pages=3 candidates=18 unique_candidates=7548 accepted=578
query=mexico baseball 20k subscribers pages=3 candidates=17 unique_candidates=7552 accepted=578
query=mexico historia 200 mil suscriptores pages=3 candidates=25 unique_candidates=7558 accepted=578
query=mexico baseball 100k subscribers pages=3 candidates=28 unique_candidates=7572 accepted=578
query=mexico historia 100 mil suscriptores pages=3 candidates=40 unique_candidates=7577 accepted=578
query=mexico historia 20 mil suscriptores pages=3 candidates=40 unique_candidates=7582 accepted=578
query=mexico historia 10 mil suscriptores pages=3 candidates=40 unique_candidates=7583 accepted=578
query=mexico baseball 500k subscribers pages=3 candidates=17 unique_candidates=7588 accepted=578
query=mexico historia 50 mil suscriptores pages=3 candidates=40 unique_candidates=7591 accepted=578
validated batch accepted+4 rejected+52 total=582
query=mexico misterio 50 mil suscriptores pages=3 candidates=24 unique_candidates=7593 accepted=582
query=mexico misterio 200 mil suscriptores pages=3 candidates=15 unique_candidates=7595 accepted=582
query=mexico misterio 20 mil suscriptores pages=3 candidates=22 unique_candidates=7596 accepted=582
query=mexico misterio 100 mil suscriptores pages=3 candidates=26 unique_candidates=7598 accepted=582
query=mexico misterio 10 mil suscriptores pages=3 candidates=27 unique_candidates=7603 accepted=582
query=mexico historia 50k subscribers pages=3 candidates=40 unique_candidates=7620 accepted=582
query=mexico historia 500k subscribers pages=3 candidates=40 unique_candidates=7628 accepted=582
query=mexico historia 10k subscribers pages=3 candidates=39 unique_candidates=7640 accepted=582
query=mexico historia 20k subscribers pages=3 candidates=40 unique_candidates=7650 accepted=582
query=mexico historia 200k subscribers pages=3 candidates=40 unique_candidates=7654 accepted=582
query=mexico historia 100k subscribers pages=3 candidates=40 unique_candidates=7670 accepted=582
validated batch accepted+3 rejected+76 total=585
query=mexico misterio 20k subscribers pages=3 candidates=12 unique_candidates=7671 accepted=585
query=mexico misterio 50k subscribers pages=3 candidates=16 unique_candidates=7673 accepted=585
query=mexico misterio 200k subscribers pages=3 candidates=11 unique_candidates=7674 accepted=585
query=mexico misterio 500k subscribers pages=3 candidates=13 unique_candidates=7674 accepted=585
query=mexico misterio 500 mil suscriptores pages=3 candidates=13 unique_candidates=7677 accepted=585
query=mexico review 20 mil suscriptores pages=3 candidates=15 unique_candidates=7681 accepted=585
query=mexico misterio 100k subscribers pages=3 candidates=32 unique_candidates=7693 accepted=585
query=mexico misterio 10k subscribers pages=3 candidates=30 unique_candidates=7697 accepted=585
query=mexico review 50 mil suscriptores pages=3 candidates=19 unique_candidates=7700 accepted=585
query=mexico review 100 mil suscriptores pages=3 candidates=20 unique_candidates=7707 accepted=585
query=mexico review 10 mil suscriptores pages=3 candidates=24 unique_candidates=7709 accepted=585
validated batch accepted+4 rejected+35 total=589
query=mexico review 500 mil suscriptores pages=3 candidates=16 unique_candidates=7710 accepted=589
query=mexico unboxing 50 mil suscriptores pages=3 candidates=17 unique_candidates=7711 accepted=589
query=mexico unboxing 10 mil suscriptores pages=3 candidates=18 unique_candidates=7711 accepted=589
query=mexico review 100k subscribers pages=3 candidates=40 unique_candidates=7726 accepted=589
query=mexico unboxing 20 mil suscriptores pages=3 candidates=20 unique_candidates=7728 accepted=589
query=mexico review 200k subscribers pages=3 candidates=36 unique_candidates=7736 accepted=589
query=mexico review 200 mil suscriptores pages=3 candidates=14 unique_candidates=7739 accepted=589
query=mexico review 20k subscribers pages=3 candidates=36 unique_candidates=7742 accepted=589
query=mexico review 500k subscribers pages=3 candidates=40 unique_candidates=7746 accepted=589
query=mexico review 50k subscribers pages=3 candidates=47 unique_candidates=7754 accepted=589
query=mexico review 10k subscribers pages=3 candidates=40 unique_candidates=7766 accepted=589
validated batch accepted+2 rejected+55 total=591
query=mexico unboxing 500 mil suscriptores pages=3 candidates=13 unique_candidates=7768 accepted=591
query=mexico unboxing 100k subscribers pages=3 candidates=40 unique_candidates=7774 accepted=591
query=mexico unboxing 500k subscribers pages=3 candidates=22 unique_candidates=7783 accepted=591
query=mexico unboxing 200k subscribers pages=3 candidates=18 unique_candidates=7792 accepted=591
query=mexico unboxing 100 mil suscriptores pages=3 candidates=22 unique_candidates=7793 accepted=591
query=mexico unboxing 20k subscribers pages=3 candidates=23 unique_candidates=7801 accepted=591
query=mexico unboxing 200 mil suscriptores pages=3 candidates=14 unique_candidates=7801 accepted=591
query=mexico unboxing 50k subscribers pages=3 candidates=25 unique_candidates=7812 accepted=591
query=mexico tutorial 10 mil suscriptores pages=3 candidates=36 unique_candidates=7816 accepted=591
query=mexico tutorial 20 mil suscriptores pages=3 candidates=30 unique_candidates=7818 accepted=591
query=mexico unboxing 10k subscribers pages=3 candidates=40 unique_candidates=7834 accepted=591
validated batch accepted+1 rejected+67 total=592
query=méxico vlog 10 mil suscriptores pages=3 candidates=40 unique_candidates=7835 accepted=592
query=mexico tutorial 200 mil suscriptores pages=3 candidates=17 unique_candidates=7840 accepted=592
query=mexico tutorial 200k subscribers pages=3 candidates=40 unique_candidates=7844 accepted=592
query=mexico tutorial 100 mil suscriptores pages=3 candidates=35 unique_candidates=7848 accepted=592
query=mexico tutorial 500k subscribers pages=3 candidates=42 unique_candidates=7855 accepted=592
query=mexico tutorial 20k subscribers pages=3 candidates=48 unique_candidates=7868 accepted=592
query=mexico tutorial 50k subscribers pages=3 candidates=40 unique_candidates=7872 accepted=592
query=mexico tutorial 50 mil suscriptores pages=3 candidates=24 unique_candidates=7875 accepted=592
query=mexico tutorial 10k subscribers pages=3 candidates=40 unique_candidates=7884 accepted=592
query=mexico tutorial 500 mil suscriptores pages=3 candidates=16 unique_candidates=7889 accepted=592
query=mexico tutorial 100k subscribers pages=3 candidates=41 unique_candidates=7893 accepted=592
validated batch accepted+3 rejected+56 total=595
query=méxico vlog 500 mil suscriptores pages=3 candidates=11 unique_candidates=7893 accepted=595
query=méxico vlog 200 mil suscriptores pages=3 candidates=18 unique_candidates=7895 accepted=595
query=méxico vlog 200k subscribers pages=3 candidates=40 unique_candidates=7895 accepted=595
query=méxico vlog 50k subscribers pages=3 candidates=40 unique_candidates=7899 accepted=595
query=méxico vlog 100 mil suscriptores pages=3 candidates=40 unique_candidates=7899 accepted=595
query=méxico vlog 20 mil suscriptores pages=3 candidates=40 unique_candidates=7901 accepted=595
query=méxico vlog 50 mil suscriptores pages=3 candidates=40 unique_candidates=7902 accepted=595
query=méxico vlog 500k subscribers pages=3 candidates=40 unique_candidates=7906 accepted=595
query=méxico vlog 100k subscribers pages=3 candidates=40 unique_candidates=7908 accepted=595
query=méxico vlog 10k subscribers pages=3 candidates=40 unique_candidates=7909 accepted=595
query=méxico vlog 20k subscribers pages=3 candidates=40 unique_candidates=7910 accepted=595
validated batch accepted+1 rejected+16 total=596
query=méxico youtuber 100 mil suscriptores pages=3 candidates=40 unique_candidates=7911 accepted=596
query=méxico youtuber 500 mil suscriptores pages=3 candidates=40 unique_candidates=7911 accepted=596
query=méxico youtuber 50 mil suscriptores pages=3 candidates=40 unique_candidates=7916 accepted=596
query=méxico youtuber 20 mil suscriptores pages=3 candidates=40 unique_candidates=7922 accepted=596
query=méxico youtuber 20k subscribers pages=3 candidates=40 unique_candidates=7925 accepted=596
query=méxico youtuber 10 mil suscriptores pages=3 candidates=36 unique_candidates=7935 accepted=596
query=méxico youtuber 200 mil suscriptores pages=3 candidates=40 unique_candidates=7935 accepted=596
query=méxico youtuber 50k subscribers pages=3 candidates=40 unique_candidates=7936 accepted=596
query=méxico youtuber 500k subscribers pages=3 candidates=40 unique_candidates=7938 accepted=596
query=méxico youtuber 100k subscribers pages=3 candidates=40 unique_candidates=7939 accepted=596
query=méxico youtuber 200k subscribers pages=3 candidates=40 unique_candidates=7941 accepted=596
query=méxico youtuber 10k subscribers pages=3 candidates=40 unique_candidates=7943 accepted=596
validated batch accepted+0 rejected+33 total=596
query=méxico creador de contenido 200k subscribers pages=3 candidates=12 unique_candidates=7943 accepted=596
query=méxico creador de contenido 20k subscribers pages=3 candidates=12 unique_candidates=7943 accepted=596
query=méxico creador de contenido 20 mil suscriptores pages=3 candidates=32 unique_candidates=7944 accepted=596
query=méxico creador de contenido 50k subscribers pages=3 candidates=12 unique_candidates=7945 accepted=596
query=méxico creador de contenido 200 mil suscriptores pages=3 candidates=16 unique_candidates=7948 accepted=596
query=méxico creador de contenido 10 mil suscriptores pages=3 candidates=37 unique_candidates=7953 accepted=596
query=méxico creador de contenido 10k subscribers pages=3 candidates=24 unique_candidates=7957 accepted=596
query=méxico creador de contenido 500 mil suscriptores pages=3 candidates=20 unique_candidates=7958 accepted=596
query=méxico creador de contenido 100 mil suscriptores pages=3 candidates=36 unique_candidates=7960 accepted=596
query=méxico creador de contenido 50 mil suscriptores pages=3 candidates=29 unique_candidates=7961 accepted=596
query=méxico creador de contenido 100k subscribers pages=3 candidates=40 unique_candidates=7972 accepted=596
validated batch accepted+1 rejected+28 total=597
query=méxico influencer 200 mil suscriptores pages=3 candidates=15 unique_candidates=7973 accepted=597
query=méxico influencer 500 mil suscriptores pages=3 candidates=17 unique_candidates=7973 accepted=597
query=méxico influencer 10k subscribers pages=3 candidates=40 unique_candidates=7974 accepted=597
query=méxico influencer 20 mil suscriptores pages=3 candidates=31 unique_candidates=7974 accepted=597
query=méxico influencer 10 mil suscriptores pages=3 candidates=38 unique_candidates=7974 accepted=597
query=méxico creador de contenido 500k subscribers pages=3 candidates=13 unique_candidates=7975 accepted=597
query=méxico influencer 100k subscribers pages=3 candidates=40 unique_candidates=7976 accepted=597
query=méxico influencer 50 mil suscriptores pages=3 candidates=31 unique_candidates=7976 accepted=597
query=méxico influencer 20k subscribers pages=3 candidates=25 unique_candidates=7976 accepted=597
query=méxico influencer 50k subscribers pages=3 candidates=29 unique_candidates=7976 accepted=597
query=méxico influencer 100 mil suscriptores pages=3 candidates=36 unique_candidates=7976 accepted=597
validated batch accepted+1 rejected+3 total=598
query=méxico influencer 200k subscribers pages=3 candidates=22 unique_candidates=7976 accepted=598
query=méxico canal 50 mil suscriptores pages=3 candidates=40 unique_candidates=7978 accepted=598
query=méxico canal 100 mil suscriptores pages=3 candidates=40 unique_candidates=7978 accepted=598
query=méxico canal 500 mil suscriptores pages=3 candidates=40 unique_candidates=7982 accepted=598
query=méxico canal 10 mil suscriptores pages=3 candidates=40 unique_candidates=7982 accepted=598
query=méxico canal 20 mil suscriptores pages=3 candidates=40 unique_candidates=7983 accepted=598
query=méxico canal 200 mil suscriptores pages=3 candidates=44 unique_candidates=7985 accepted=598
query=méxico influencer 500k subscribers pages=3 candidates=29 unique_candidates=7985 accepted=598
query=méxico canal 50k subscribers pages=3 candidates=40 unique_candidates=7987 accepted=598
query=méxico canal 20k subscribers pages=3 candidates=40 unique_candidates=7992 accepted=598
query=méxico canal 10k subscribers pages=3 candidates=40 unique_candidates=7996 accepted=598
validated batch accepted+0 rejected+20 total=598
query=méxico lifestyle 200 mil suscriptores pages=1 candidates=0 unique_candidates=7996 accepted=598
query=méxico lifestyle 500 mil suscriptores pages=3 candidates=1 unique_candidates=7996 accepted=598
query=méxico lifestyle 50 mil suscriptores pages=3 candidates=1 unique_candidates=7996 accepted=598
query=méxico lifestyle 20 mil suscriptores pages=3 candidates=1 unique_candidates=7996 accepted=598
query=méxico lifestyle 20k subscribers pages=3 candidates=19 unique_candidates=8003 accepted=598
query=méxico lifestyle 100 mil suscriptores pages=3 candidates=1 unique_candidates=8003 accepted=598
query=méxico lifestyle 10 mil suscriptores pages=3 candidates=1 unique_candidates=8003 accepted=598
query=méxico canal 500k subscribers pages=3 candidates=40 unique_candidates=8004 accepted=598
query=méxico canal 200k subscribers pages=3 candidates=40 unique_candidates=8004 accepted=598
query=méxico lifestyle 10k subscribers pages=3 candidates=40 unique_candidates=8013 accepted=598
query=méxico canal 100k subscribers pages=3 candidates=40 unique_candidates=8021 accepted=598
validated batch accepted+0 rejected+25 total=598
query=méxico travel vlog 200 mil suscriptores pages=1 candidates=0 unique_candidates=8021 accepted=598
query=méxico travel vlog 500 mil suscriptores pages=1 candidates=0 unique_candidates=8021 accepted=598
query=méxico travel vlog 50 mil suscriptores pages=1 candidates=0 unique_candidates=8021 accepted=598
query=méxico lifestyle 200k subscribers pages=3 candidates=14 unique_candidates=8021 accepted=598
query=méxico travel vlog 100 mil suscriptores pages=3 candidates=1 unique_candidates=8021 accepted=598
query=méxico lifestyle 50k subscribers pages=3 candidates=23 unique_candidates=8023 accepted=598
query=méxico travel vlog 10 mil suscriptores pages=3 candidates=12 unique_candidates=8023 accepted=598
query=méxico travel vlog 20 mil suscriptores pages=3 candidates=1 unique_candidates=8023 accepted=598
query=méxico lifestyle 500k subscribers pages=3 candidates=19 unique_candidates=8025 accepted=598
query=méxico travel vlog 10k subscribers pages=3 candidates=40 unique_candidates=8029 accepted=598
query=méxico lifestyle 100k subscribers pages=3 candidates=39 unique_candidates=8035 accepted=598
validated batch accepted+0 rejected+14 total=598
query=méxico viajes 500 mil suscriptores pages=3 candidates=20 unique_candidates=8035 accepted=598
query=méxico travel vlog 50k subscribers pages=3 candidates=40 unique_candidates=8035 accepted=598
query=méxico viajes 100 mil suscriptores pages=3 candidates=40 unique_candidates=8035 accepted=598
query=méxico viajes 200 mil suscriptores pages=3 candidates=19 unique_candidates=8035 accepted=598
query=méxico viajes 20 mil suscriptores pages=3 candidates=40 unique_candidates=8036 accepted=598
query=méxico viajes 10 mil suscriptores pages=3 candidates=40 unique_candidates=8039 accepted=598
query=méxico travel vlog 200k subscribers pages=3 candidates=40 unique_candidates=8040 accepted=598
query=méxico travel vlog 100k subscribers pages=3 candidates=40 unique_candidates=8041 accepted=598
query=méxico viajes 50 mil suscriptores pages=3 candidates=40 unique_candidates=8041 accepted=598
query=méxico travel vlog 500k subscribers pages=3 candidates=40 unique_candidates=8041 accepted=598
query=méxico travel vlog 20k subscribers pages=3 candidates=40 unique_candidates=8043 accepted=598
validated batch accepted+0 rejected+8 total=598
query=méxico turismo 200 mil suscriptores pages=1 candidates=0 unique_candidates=8043 accepted=598
query=méxico viajes 50k subscribers pages=3 candidates=28 unique_candidates=8045 accepted=598
query=méxico viajes 500k subscribers pages=3 candidates=20 unique_candidates=8045 accepted=598
query=méxico turismo 20 mil suscriptores pages=3 candidates=17 unique_candidates=8045 accepted=598
query=méxico viajes 20k subscribers pages=3 candidates=21 unique_candidates=8046 accepted=598
query=méxico turismo 100 mil suscriptores pages=3 candidates=16 unique_candidates=8046 accepted=598
query=méxico turismo 50 mil suscriptores pages=3 candidates=12 unique_candidates=8046 accepted=598
query=méxico turismo 10 mil suscriptores pages=3 candidates=18 unique_candidates=8046 accepted=598
query=méxico viajes 200k subscribers pages=3 candidates=21 unique_candidates=8049 accepted=598
query=méxico viajes 100k subscribers pages=3 candidates=40 unique_candidates=8057 accepted=598
query=méxico viajes 10k subscribers pages=3 candidates=40 unique_candidates=8059 accepted=598
validated batch accepted+2 rejected+14 total=600
query=méxico turismo 200k subscribers pages=1 candidates=0 unique_candidates=8059 accepted=600
query=méxico turismo 500 mil suscriptores pages=1 candidates=0 unique_candidates=8059 accepted=600
query=méxico food vlog 10 mil suscriptores pages=3 candidates=13 unique_candidates=8059 accepted=600
query=méxico turismo 50k subscribers pages=3 candidates=1 unique_candidates=8059 accepted=600
query=méxico food vlog 100 mil suscriptores pages=3 candidates=12 unique_candidates=8061 accepted=600
query=méxico turismo 500k subscribers pages=3 candidates=13 unique_candidates=8061 accepted=600
query=méxico food vlog 50 mil suscriptores pages=3 candidates=1 unique_candidates=8061 accepted=600
query=méxico food vlog 20 mil suscriptores pages=3 candidates=13 unique_candidates=8061 accepted=600
query=méxico turismo 20k subscribers pages=3 candidates=14 unique_candidates=8062 accepted=600
query=méxico turismo 10k subscribers pages=3 candidates=31 unique_candidates=8062 accepted=600
query=méxico turismo 100k subscribers pages=3 candidates=23 unique_candidates=8065 accepted=600
validated batch accepted+1 rejected+5 total=601
query=méxico food vlog 200 mil suscriptores pages=1 candidates=0 unique_candidates=8065 accepted=601
query=méxico food vlog 500 mil suscriptores pages=1 candidates=0 unique_candidates=8065 accepted=601
query=méxico comida 50 mil suscriptores pages=3 candidates=40 unique_candidates=8066 accepted=601
query=méxico food vlog 50k subscribers pages=3 candidates=32 unique_candidates=8066 accepted=601
