/Users/biantongchuangchuanmei/Desktop/pachong/.venv/lib/python3.9/site-packages/urllib3/__init__.py:35: NotOpenSSLWarning: urllib3 v2 only supports OpenSSL 1.1.1+, currently the 'ssl' module is compiled with 'LibreSSL 2.8.3'. See: https://github.com/urllib3/urllib3/issues/3020
  warnings.warn(
validated seeded accepted+3 rejected+5 total=12259 strict_mx=4361
query=nuevo leon lifestyle pages=6 candidates=80 unique_candidates=97872 accepted=12259
validated batch accepted+0 rejected+8 total=12259 strict_mx=4361
query=morelos futbol pages=6 candidates=74 unique_candidates=97891 accepted=12259
query=morelos review pages=6 candidates=83 unique_candidates=97907 accepted=12259
validated batch accepted+16 rejected+19 total=12275 strict_mx=4364
query=nayarit viajes pages=6 candidates=66 unique_candidates=97917 accepted=12275
query=nayarit youtuber pages=6 candidates=74 unique_candidates=97921 accepted=12275
validated batch accepted+0 rejected+14 total=12275 strict_mx=4364
query=nayarit autos pages=6 candidates=62 unique_candidates=97929 accepted=12275
validated batch accepted+1 rejected+7 total=12276 strict_mx=4364
query=nayarit baseball pages=6 candidates=55 unique_candidates=97938 accepted=12276
validated batch accepted+0 rejected+9 total=12276 strict_mx=4364
query=tabasco mama vlog pages=6 candidates=68 unique_candidates=97952 accepted=12276
query=tabasco food vlog pages=6 candidates=66 unique_candidates=97957 accepted=12276
query=tabasco emprendedor pages=6 candidates=64 unique_candidates=97972 accepted=12276
query=tabasco cocina pages=6 candidates=62 unique_candidates=97975 accepted=12276
query=tabasco tecnologia pages=6 candidates=89 unique_candidates=97990 accepted=12276
validated batch accepted+13 rejected+39 total=12289 strict_mx=4366
query=tabasco musica pages=6 candidates=77 unique_candidates=98007 accepted=12289
query=tabasco corridos pages=6 candidates=78 unique_candidates=98032 accepted=12289
query=tabasco noticias pages=6 candidates=74 unique_candidates=98038 accepted=12289
query=tabasco manualidades pages=6 candidates=56 unique_candidates=98042 accepted=12289
validated batch accepted+11 rejected+41 total=12300 strict_mx=4369
query=tabasco futbol pages=6 candidates=68 unique_candidates=98059 accepted=12300
query=tamaulipas food vlog pages=6 candidates=62 unique_candidates=98070 accepted=12300
validated batch accepted+8 rejected+20 total=12308 strict_mx=4373
query=tamaulipas arquitectura pages=6 candidates=58 unique_candidates=98076 accepted=12308
query=tamaulipas anime pages=6 candidates=60 unique_candidates=98092 accepted=12308
query=tamaulipas finanzas pages=6 candidates=49 unique_candidates=98095 accepted=12308
validated batch accepted+3 rejected+22 total=12311 strict_mx=4374
query=tlaxcala influencer pages=6 candidates=68 unique_candidates=98101 accepted=12311
query=tamaulipas unboxing pages=6 candidates=71 unique_candidates=98119 accepted=12311
query failed query=tlaxcala vlog error=403 Client Error: Forbidden for url: https://www.youtube.com/youtubei/v1/search?key=AIzaSyAO_FJ2SlqU8Q4STEHLGCilw_Y9_11qcW8
validated batch accepted+5 rejected+19 total=12316 strict_mx=4376
query failed query=tlaxcala news error=403 Client Error: Forbidden for url: https://www.youtube.com/youtubei/v1/search?key=AIzaSyAO_FJ2SlqU8Q4STEHLGCilw_Y9_11qcW8
query=tlaxcala medicina pages=6 candidates=75 unique_candidates=98128 accepted=12316
query=tlaxcala motos pages=6 candidates=69 unique_candidates=98151 accepted=12316
validated batch accepted+2 rejected+30 total=12318 strict_mx=4378
query=aguascalientes viajes pages=6 candidates=67 unique_candidates=98152 accepted=12318
query=aguascalientes comida pages=6 candidates=69 unique_candidates=98160 accepted=12318
validated batch accepted+0 rejected+9 total=12318 strict_mx=4378
query=aguascalientes humor pages=6 candidates=51 unique_candidates=98165 accepted=12318
query=aguascalientes news pages=6 candidates=73 unique_candidates=98182 accepted=12318
validated batch accepted+4 rejected+18 total=12322 strict_mx=4379
query=aguascalientes futbol pages=6 candidates=61 unique_candidates=98203 accepted=12322
query=aguascalientes salud pages=6 candidates=72 unique_candidates=98212 accepted=12322
query=aguascalientes review pages=6 candidates=81 unique_candidates=98214 accepted=12322
validated batch accepted+3 rejected+29 total=12325 strict_mx=4380
query=colima tech youtuber pages=6 candidates=78 unique_candidates=98225 accepted=12325
validated batch accepted+0 rejected+11 total=12325 strict_mx=4380
query=campeche negocios pages=6 candidates=76 unique_candidates=98230 accepted=12325
query failed query=campeche real estate error=403 Client Error: Forbidden for url: https://www.youtube.com/youtubei/v1/search?key=AIzaSyAO_FJ2SlqU8Q4STEHLGCilw_Y9_11qcW8
validated batch accepted+0 rejected+5 total=12325 strict_mx=4380
query=campeche medicina pages=6 candidates=82 unique_candidates=98244 accepted=12325
query=campeche salud pages=6 candidates=65 unique_candidates=98252 accepted=12325
validated batch accepted+2 rejected+20 total=12327 strict_mx=4380
query=campeche kpop pages=6 candidates=75 unique_candidates=98267 accepted=12327
validated batch accepted+6 rejected+9 total=12333 strict_mx=4382
query=zacatecas recetas pages=6 candidates=68 unique_candidates=98278 accepted=12333
validated batch accepted+4 rejected+7 total=12337 strict_mx=4382
query=vlogger cdmx pages=6 candidates=94 unique_candidates=98293 accepted=12337
query=youtubers de ciudad de mexico pages=6 candidates=92 unique_candidates=98296 accepted=12337
query=en cdmx youtube pages=6 candidates=71 unique_candidates=98306 accepted=12337
Traceback (most recent call last):
  File "/Library/Developer/CommandLineTools/Library/Frameworks/Python3.framework/Versions/3.9/lib/python3.9/runpy.py", line 197, in _run_module_as_main
    return _run_code(code, main_globals, None,
  File "/Library/Developer/CommandLineTools/Library/Frameworks/Python3.framework/Versions/3.9/lib/python3.9/runpy.py", line 87, in _run_code
    exec(code, run_globals)
  File "/Users/biantongchuangchuanmei/Desktop/pachong/src/youtube_mexico_crawler.py", line 1987, in <module>
    raise SystemExit(main())
  File "/Users/biantongchuangchuanmei/Desktop/pachong/src/youtube_mexico_crawler.py", line 1962, in main
    summary = run_crawl(
  File "/Users/biantongchuangchuanmei/Desktop/pachong/src/youtube_mexico_crawler.py", line 1844, in run_crawl
    for future in as_completed(futures):
  File "/Library/Developer/CommandLineTools/Library/Frameworks/Python3.framework/Versions/3.9/lib/python3.9/concurrent/futures/_base.py", line 245, in as_completed
    waiter.event.wait(wait_timeout)
  File "/Library/Developer/CommandLineTools/Library/Frameworks/Python3.framework/Versions/3.9/lib/python3.9/threading.py", line 574, in wait
    signaled = self._cond.wait(timeout)
  File "/Library/Developer/CommandLineTools/Library/Frameworks/Python3.framework/Versions/3.9/lib/python3.9/threading.py", line 312, in wait
    waiter.acquire()
KeyboardInterrupt
