/Users/biantongchuangchuanmei/Desktop/pachong/.venv/lib/python3.9/site-packages/urllib3/__init__.py:35: NotOpenSSLWarning: urllib3 v2 only supports OpenSSL 1.1.1+, currently the 'ssl' module is compiled with 'LibreSSL 2.8.3'. See: https://github.com/urllib3/urllib3/issues/3020
  warnings.warn(
query=mexico viajes d pages=6 candidates=81 unique_candidates=67058 accepted=2230
query=mexico viajes c pages=6 candidates=73 unique_candidates=67086 accepted=2230
query=mexico travel vlog v pages=6 candidates=89 unique_candidates=67100 accepted=2230
query=mexico viajes a pages=6 candidates=79 unique_candidates=67125 accepted=2230
query=mexico viajes e pages=6 candidates=71 unique_candidates=67143 accepted=2230
query=mexico travel vlog s pages=6 candidates=89 unique_candidates=67148 accepted=2230
query=mexico viajes b pages=6 candidates=75 unique_candidates=67185 accepted=2230
query=mexico travel vlog t pages=6 candidates=91 unique_candidates=67195 accepted=2230
query=mexico travel vlog w pages=6 candidates=83 unique_candidates=67215 accepted=2230
query=mexico travel vlog y pages=6 candidates=85 unique_candidates=67225 accepted=2230
query=mexico travel vlog x pages=6 candidates=90 unique_candidates=67246 accepted=2230
query=mexico travel vlog q pages=6 candidates=80 unique_candidates=67256 accepted=2230
query=mexico travel vlog r pages=6 candidates=93 unique_candidates=67269 accepted=2230
query=mexico travel vlog u pages=6 candidates=81 unique_candidates=67280 accepted=2230
query failed query=mexico travel vlog p error=403 Client Error: Forbidden for url: https://www.youtube.com/youtubei/v1/search?key=AIzaSyAO_FJ2SlqU8Q4STEHLGCilw_Y9_11qcW8
query=mexico travel vlog z pages=6 candidates=85 unique_candidates=67303 accepted=2230
validated batch accepted+19 rejected+481 total=2249
validated batch accepted+0 rejected+180 total=2249
Traceback (most recent call last):
  File "/Users/biantongchuangchuanmei/Desktop/pachong/src/youtube_mexico_crawler.py", line 1758, in run_crawl
    for future in as_completed(futures):
  File "/Library/Developer/CommandLineTools/Library/Frameworks/Python3.framework/Versions/3.9/lib/python3.9/concurrent/futures/_base.py", line 245, in as_completed
    waiter.event.wait(wait_timeout)
  File "/Library/Developer/CommandLineTools/Library/Frameworks/Python3.framework/Versions/3.9/lib/python3.9/threading.py", line 574, in wait
    signaled = self._cond.wait(timeout)
  File "/Library/Developer/CommandLineTools/Library/Frameworks/Python3.framework/Versions/3.9/lib/python3.9/threading.py", line 312, in wait
    waiter.acquire()
KeyboardInterrupt

During handling of the above exception, another exception occurred:

Traceback (most recent call last):
  File "/Library/Developer/CommandLineTools/Library/Frameworks/Python3.framework/Versions/3.9/lib/python3.9/runpy.py", line 197, in _run_module_as_main
    return _run_code(code, main_globals, None,
  File "/Library/Developer/CommandLineTools/Library/Frameworks/Python3.framework/Versions/3.9/lib/python3.9/runpy.py", line 87, in _run_code
    exec(code, run_globals)
  File "/Users/biantongchuangchuanmei/Desktop/pachong/src/youtube_mexico_crawler.py", line 1952, in <module>
    raise SystemExit(main())
  File "/Users/biantongchuangchuanmei/Desktop/pachong/src/youtube_mexico_crawler.py", line 1927, in main
    summary = run_crawl(
  File "/Users/biantongchuangchuanmei/Desktop/pachong/src/youtube_mexico_crawler.py", line 1807, in run_crawl
    break
  File "/Library/Developer/CommandLineTools/Library/Frameworks/Python3.framework/Versions/3.9/lib/python3.9/concurrent/futures/_base.py", line 636, in __exit__
    self.shutdown(wait=True)
  File "/Library/Developer/CommandLineTools/Library/Frameworks/Python3.framework/Versions/3.9/lib/python3.9/concurrent/futures/thread.py", line 229, in shutdown
    t.join()
  File "/Library/Developer/CommandLineTools/Library/Frameworks/Python3.framework/Versions/3.9/lib/python3.9/threading.py", line 1053, in join
    self._wait_for_tstate_lock()
  File "/Library/Developer/CommandLineTools/Library/Frameworks/Python3.framework/Versions/3.9/lib/python3.9/threading.py", line 1069, in _wait_for_tstate_lock
    elif lock.acquire(block, timeout):
KeyboardInterrupt
Exception ignored in: <module 'threading' from '/Library/Developer/CommandLineTools/Library/Frameworks/Python3.framework/Versions/3.9/lib/python3.9/threading.py'>
Traceback (most recent call last):
  File "/Library/Developer/CommandLineTools/Library/Frameworks/Python3.framework/Versions/3.9/lib/python3.9/threading.py", line 1435, in _shutdown
    atexit_call()
  File "/Library/Developer/CommandLineTools/Library/Frameworks/Python3.framework/Versions/3.9/lib/python3.9/concurrent/futures/thread.py", line 31, in _python_exit
    t.join()
  File "/Library/Developer/CommandLineTools/Library/Frameworks/Python3.framework/Versions/3.9/lib/python3.9/threading.py", line 1053, in join
    self._wait_for_tstate_lock()
  File "/Library/Developer/CommandLineTools/Library/Frameworks/Python3.framework/Versions/3.9/lib/python3.9/threading.py", line 1069, in _wait_for_tstate_lock
    elif lock.acquire(block, timeout):
KeyboardInterrupt: 
