/Users/biantongchuangchuanmei/Desktop/pachong/.venv/lib/python3.9/site-packages/urllib3/__init__.py:35: NotOpenSSLWarning: urllib3 v2 only supports OpenSSL 1.1.1+, currently the 'ssl' module is compiled with 'LibreSSL 2.8.3'. See: https://github.com/urllib3/urllib3/issues/3020
  warnings.warn(
query=mexico vlog g pages=3 candidates=40 unique_candidates=64383 accepted=2143
query=mexico vlog j pages=3 candidates=40 unique_candidates=64405 accepted=2143
query=mexico vlog f pages=3 candidates=40 unique_candidates=64418 accepted=2143
query=mexico vlog b pages=3 candidates=40 unique_candidates=64435 accepted=2143
query=mexico vlog k pages=3 candidates=40 unique_candidates=64453 accepted=2143
query=mexico vlog i pages=3 candidates=39 unique_candidates=64464 accepted=2143
query=mexico vlog d pages=3 candidates=39 unique_candidates=64480 accepted=2143
query=mexico vlog a pages=3 candidates=40 unique_candidates=64485 accepted=2143
query=mexico vlog c pages=3 candidates=40 unique_candidates=64495 accepted=2143
query=mexico vlog e pages=3 candidates=40 unique_candidates=64498 accepted=2143
query=mexico vlog h pages=3 candidates=40 unique_candidates=64516 accepted=2143
validated batch accepted+1 rejected+147 total=2144
query=mexico vlog n pages=3 candidates=39 unique_candidates=64526 accepted=2144
query=mexico vlog o pages=3 candidates=40 unique_candidates=64541 accepted=2144
query=mexico vlog p pages=3 candidates=40 unique_candidates=64550 accepted=2144
query=mexico vlog v pages=3 candidates=40 unique_candidates=64554 accepted=2144
query=mexico vlog l pages=3 candidates=40 unique_candidates=64560 accepted=2144
query=mexico vlog t pages=3 candidates=39 unique_candidates=64570 accepted=2144
query=mexico vlog r pages=3 candidates=40 unique_candidates=64582 accepted=2144
query=mexico youtuber a pages=3 candidates=40 unique_candidates=64608 accepted=2144
query=mexico vlog z pages=3 candidates=40 unique_candidates=64628 accepted=2144
query=mexico vlog x pages=3 candidates=40 unique_candidates=64636 accepted=2144
query=mexico vlog w pages=3 candidates=40 unique_candidates=64653 accepted=2144
query=mexico vlog m pages=3 candidates=40 unique_candidates=64656 accepted=2144
query=mexico vlog s pages=3 candidates=40 unique_candidates=64669 accepted=2144
query=mexico vlog q pages=3 candidates=40 unique_candidates=64672 accepted=2144
query=mexico vlog u pages=3 candidates=40 unique_candidates=64680 accepted=2144
query=mexico vlog y pages=3 candidates=40 unique_candidates=64681 accepted=2144
validated batch accepted+3 rejected+162 total=2147
query=mexico youtuber m pages=3 candidates=39 unique_candidates=64707 accepted=2147
query=mexico youtuber k pages=3 candidates=40 unique_candidates=64738 accepted=2147
query=mexico youtuber n pages=3 candidates=39 unique_candidates=64743 accepted=2147
query=mexico youtuber d pages=3 candidates=40 unique_candidates=64773 accepted=2147
query=mexico youtuber f pages=3 candidates=40 unique_candidates=64783 accepted=2147
query=mexico youtuber e pages=3 candidates=39 unique_candidates=64796 accepted=2147
query=mexico youtuber l pages=3 candidates=40 unique_candidates=64798 accepted=2147
query=mexico youtuber b pages=3 candidates=40 unique_candidates=64809 accepted=2147
query=mexico youtuber c pages=3 candidates=40 unique_candidates=64822 accepted=2147
query=mexico youtuber o pages=3 candidates=40 unique_candidates=64852 accepted=2147
query=mexico youtuber h pages=3 candidates=40 unique_candidates=64867 accepted=2147
query=mexico youtuber i pages=3 candidates=39 unique_candidates=64870 accepted=2147
query=mexico youtuber j pages=3 candidates=40 unique_candidates=64888 accepted=2147
query=mexico youtuber p pages=3 candidates=40 unique_candidates=64891 accepted=2147
query=mexico youtuber g pages=3 candidates=40 unique_candidates=64913 accepted=2147
query=mexico youtuber q pages=3 candidates=40 unique_candidates=64943 accepted=2147
validated batch accepted+14 rejected+248 total=2161
query=mexico youtuber v pages=3 candidates=40 unique_candidates=64963 accepted=2161
query=mexico creador de contenido e pages=3 candidates=40 unique_candidates=64972 accepted=2161
query=mexico youtuber x pages=3 candidates=40 unique_candidates=65005 accepted=2161
query=mexico youtuber r pages=3 candidates=40 unique_candidates=65025 accepted=2161
query=mexico creador de contenido f pages=3 candidates=40 unique_candidates=65043 accepted=2161
query=mexico youtuber z pages=3 candidates=39 unique_candidates=65065 accepted=2161
query=mexico creador de contenido a pages=3 candidates=40 unique_candidates=65070 accepted=2161
query=mexico creador de contenido g pages=3 candidates=40 unique_candidates=65088 accepted=2161
query=mexico youtuber s pages=3 candidates=39 unique_candidates=65103 accepted=2161
query=mexico youtuber u pages=3 candidates=39 unique_candidates=65128 accepted=2161
query=mexico creador de contenido d pages=3 candidates=40 unique_candidates=65154 accepted=2161
query=mexico creador de contenido b pages=3 candidates=40 unique_candidates=65179 accepted=2161
query=mexico youtuber y pages=3 candidates=40 unique_candidates=65197 accepted=2161
query=mexico youtuber t pages=3 candidates=39 unique_candidates=65232 accepted=2161
query=mexico youtuber w pages=3 candidates=40 unique_candidates=65246 accepted=2161
query=mexico creador de contenido c pages=3 candidates=40 unique_candidates=65266 accepted=2161
validated batch accepted+11 rejected+312 total=2172
query=mexico creador de contenido k pages=3 candidates=40 unique_candidates=65279 accepted=2172
query=mexico creador de contenido h pages=3 candidates=40 unique_candidates=65297 accepted=2172
query=mexico creador de contenido o pages=3 candidates=40 unique_candidates=65304 accepted=2172
query=mexico creador de contenido j pages=3 candidates=40 unique_candidates=65317 accepted=2172
query=mexico creador de contenido u pages=3 candidates=40 unique_candidates=65335 accepted=2172
query=mexico creador de contenido w pages=3 candidates=40 unique_candidates=65365 accepted=2172
query=mexico creador de contenido m pages=3 candidates=40 unique_candidates=65382 accepted=2172
query=mexico creador de contenido q pages=3 candidates=40 unique_candidates=65390 accepted=2172
query=mexico creador de contenido v pages=3 candidates=40 unique_candidates=65396 accepted=2172
query=mexico creador de contenido t pages=3 candidates=40 unique_candidates=65409 accepted=2172
query=mexico creador de contenido l pages=3 candidates=40 unique_candidates=65423 accepted=2172
query=mexico creador de contenido p pages=3 candidates=40 unique_candidates=65430 accepted=2172
query=mexico creador de contenido i pages=3 candidates=40 unique_candidates=65436 accepted=2172
query=mexico creador de contenido n pages=3 candidates=40 unique_candidates=65439 accepted=2172
query=mexico creador de contenido s pages=3 candidates=40 unique_candidates=65449 accepted=2172
query=mexico creador de contenido r pages=3 candidates=40 unique_candidates=65458 accepted=2172
validated batch accepted+11 rejected+181 total=2183
query=mexico influencer b pages=3 candidates=40 unique_candidates=65466 accepted=2183
query=mexico influencer a pages=3 candidates=40 unique_candidates=65480 accepted=2183
query=mexico influencer f pages=3 candidates=40 unique_candidates=65488 accepted=2183
query=mexico influencer j pages=3 candidates=40 unique_candidates=65497 accepted=2183
query=mexico influencer g pages=3 candidates=40 unique_candidates=65508 accepted=2183
query=mexico creador de contenido x pages=3 candidates=40 unique_candidates=65521 accepted=2183
query=mexico influencer d pages=3 candidates=40 unique_candidates=65527 accepted=2183
query=mexico influencer e pages=3 candidates=40 unique_candidates=65533 accepted=2183
query=mexico creador de contenido z pages=3 candidates=40 unique_candidates=65551 accepted=2183
query=mexico influencer k pages=3 candidates=40 unique_candidates=65565 accepted=2183
query=mexico influencer m pages=3 candidates=40 unique_candidates=65568 accepted=2183
query=mexico influencer h pages=3 candidates=40 unique_candidates=65572 accepted=2183
query=mexico influencer l pages=3 candidates=40 unique_candidates=65572 accepted=2183
query=mexico creador de contenido y pages=3 candidates=40 unique_candidates=65572 accepted=2183
query=mexico influencer i pages=3 candidates=40 unique_candidates=65577 accepted=2183
query=mexico influencer c pages=3 candidates=40 unique_candidates=65582 accepted=2183
validated batch accepted+3 rejected+121 total=2186
query=mexico influencer u pages=3 candidates=40 unique_candidates=65584 accepted=2186
query=mexico influencer s pages=3 candidates=40 unique_candidates=65589 accepted=2186
query=mexico influencer z pages=3 candidates=40 unique_candidates=65597 accepted=2186
query=mexico influencer x pages=3 candidates=40 unique_candidates=65601 accepted=2186
query=mexico influencer v pages=3 candidates=40 unique_candidates=65604 accepted=2186
query=mexico influencer n pages=3 candidates=40 unique_candidates=65607 accepted=2186
query=mexico influencer p pages=3 candidates=40 unique_candidates=65607 accepted=2186
query=mexico canal a pages=3 candidates=40 unique_candidates=65611 accepted=2186
query=mexico influencer w pages=3 candidates=40 unique_candidates=65619 accepted=2186
query=mexico influencer q pages=3 candidates=40 unique_candidates=65620 accepted=2186
query=mexico canal b pages=3 candidates=39 unique_candidates=65630 accepted=2186
query=mexico canal c pages=3 candidates=40 unique_candidates=65636 accepted=2186
query=mexico influencer o pages=3 candidates=40 unique_candidates=65638 accepted=2186
query=mexico influencer r pages=3 candidates=40 unique_candidates=65638 accepted=2186
query=mexico influencer t pages=3 candidates=40 unique_candidates=65646 accepted=2186
query=mexico influencer y pages=3 candidates=40 unique_candidates=65649 accepted=2186
validated batch accepted+7 rejected+60 total=2193
query=mexico canal d pages=3 candidates=40 unique_candidates=65664 accepted=2193
query=mexico canal i pages=3 candidates=40 unique_candidates=65669 accepted=2193
query=mexico canal m pages=3 candidates=40 unique_candidates=65686 accepted=2193
query=mexico canal g pages=3 candidates=40 unique_candidates=65701 accepted=2193
query=mexico canal f pages=3 candidates=39 unique_candidates=65715 accepted=2193
query=mexico canal r pages=3 candidates=40 unique_candidates=65726 accepted=2193
query=mexico canal q pages=3 candidates=39 unique_candidates=65733 accepted=2193
query=mexico canal h pages=3 candidates=40 unique_candidates=65744 accepted=2193
query=mexico canal k pages=3 candidates=40 unique_candidates=65766 accepted=2193
query=mexico canal e pages=3 candidates=38 unique_candidates=65775 accepted=2193
query=mexico canal l pages=3 candidates=39 unique_candidates=65789 accepted=2193
query=mexico canal j pages=3 candidates=38 unique_candidates=65802 accepted=2193
query=mexico canal p pages=3 candidates=40 unique_candidates=65805 accepted=2193
query=mexico canal n pages=3 candidates=39 unique_candidates=65810 accepted=2193
query=mexico canal o pages=3 candidates=39 unique_candidates=65816 accepted=2193
query=mexico canal s pages=3 candidates=38 unique_candidates=65822 accepted=2193
validated batch accepted+20 rejected+153 total=2213
query=mexico lifestyle c pages=3 candidates=40 unique_candidates=65849 accepted=2213
query=mexico lifestyle g pages=3 candidates=40 unique_candidates=65875 accepted=2213
query=mexico canal z pages=3 candidates=40 unique_candidates=65898 accepted=2213
query=mexico lifestyle d pages=3 candidates=39 unique_candidates=65933 accepted=2213
query=mexico lifestyle a pages=3 candidates=38 unique_candidates=65939 accepted=2213
query=mexico canal u pages=3 candidates=39 unique_candidates=65954 accepted=2213
query=mexico lifestyle f pages=3 candidates=40 unique_candidates=65976 accepted=2213
query=mexico canal t pages=3 candidates=40 unique_candidates=65994 accepted=2213
query=mexico lifestyle h pages=3 candidates=40 unique_candidates=66013 accepted=2213
query=mexico lifestyle b pages=3 candidates=40 unique_candidates=66036 accepted=2213
query=mexico lifestyle i pages=3 candidates=40 unique_candidates=66050 accepted=2213
query=mexico canal x pages=3 candidates=40 unique_candidates=66061 accepted=2213
query=mexico lifestyle e pages=3 candidates=40 unique_candidates=66082 accepted=2213
query=mexico canal y pages=3 candidates=40 unique_candidates=66094 accepted=2213
query=mexico canal v pages=3 candidates=40 unique_candidates=66109 accepted=2213
query=mexico canal w pages=3 candidates=40 unique_candidates=66131 accepted=2213
Traceback (most recent call last):
  File "/Library/Developer/CommandLineTools/Library/Frameworks/Python3.framework/Versions/3.9/lib/python3.9/runpy.py", line 197, in _run_module_as_main
    return _run_code(code, main_globals, None,
  File "/Library/Developer/CommandLineTools/Library/Frameworks/Python3.framework/Versions/3.9/lib/python3.9/runpy.py", line 87, in _run_code
    exec(code, run_globals)
  File "/Users/biantongchuangchuanmei/Desktop/pachong/src/youtube_mexico_crawler.py", line 1852, in <module>
    raise SystemExit(main())
  File "/Users/biantongchuangchuanmei/Desktop/pachong/src/youtube_mexico_crawler.py", line 1827, in main
    summary = run_crawl(
  File "/Users/biantongchuangchuanmei/Desktop/pachong/src/youtube_mexico_crawler.py", line 1689, in run_crawl
    accepted, rejected = validate_candidates(
  File "/Users/biantongchuangchuanmei/Desktop/pachong/src/youtube_mexico_crawler.py", line 1444, in validate_candidates
    rows = enrich_rows_with_about(
  File "/Users/biantongchuangchuanmei/Desktop/pachong/src/youtube_mexico_crawler.py", line 1490, in enrich_rows_with_about
    for future in as_completed(futures):
  File "/Library/Developer/CommandLineTools/Library/Frameworks/Python3.framework/Versions/3.9/lib/python3.9/concurrent/futures/_base.py", line 245, in as_completed
    waiter.event.wait(wait_timeout)
  File "/Library/Developer/CommandLineTools/Library/Frameworks/Python3.framework/Versions/3.9/lib/python3.9/threading.py", line 574, in wait
    signaled = self._cond.wait(timeout)
  File "/Library/Developer/CommandLineTools/Library/Frameworks/Python3.framework/Versions/3.9/lib/python3.9/threading.py", line 312, in wait
    waiter.acquire()
KeyboardInterrupt
